Xcode 16.4
Build version 16F6
Command line invocation:
    /Applications/Xcode_16.4.app/Contents/Developer/usr/bin/xcodebuild -project ios/MusicDEV.xcodeproj -target MusicDEV -configuration Debug -sdk iphonesimulator CODE_SIGNING_ALLOWED=NO SYMROOT=/Users/runner/work/musicdev/musicdev/build build

Build settings from command line:
    CODE_SIGNING_ALLOWED = NO
    SDKROOT = iphonesimulator18.5
    SYMROOT = /Users/runner/work/musicdev/musicdev/build

ComputePackagePrebuildTargetDependencyGraph

Prepare packages

CreateBuildRequest

SendProjectDescription

CreateBuildOperation

ComputeTargetDependencyGraph
note: Building targets in dependency order
note: Target dependency graph (1 target)
    Target 'MusicDEV' in project 'MusicDEV' (no dependencies)

GatherProvisioningInputs

CreateBuildDescription

ExecuteExternalTool /Applications/Xcode_16.4.app/Contents/Developer/usr/bin/actool --print-asset-tag-combinations --output-format xml1 /Users/runner/work/musicdev/musicdev/ios/MusicDEV/Assets.xcassets

ExecuteExternalTool /Applications/Xcode_16.4.app/Contents/Developer/Toolchains/XcodeDefault.xctoolchain/usr/bin/clang -v -E -dM -isysroot /Applications/Xcode_16.4.app/Contents/Developer/Platforms/iPhoneSimulator.platform/Developer/SDKs/iPhoneSimulator18.5.sdk -x c -c /dev/null

ExecuteExternalTool /Applications/Xcode_16.4.app/Contents/Developer/usr/bin/actool --version --output-format xml1

ExecuteExternalTool /Applications/Xcode_16.4.app/Contents/Developer/Toolchains/XcodeDefault.xctoolchain/usr/bin/swiftc --version

ExecuteExternalTool /Applications/Xcode_16.4.app/Contents/Developer/Toolchains/XcodeDefault.xctoolchain/usr/bin/ld -version_details

Build description signature: 103dc6c9ce59f5cc111a1cc56f87b09a
Build description path: /Users/runner/work/musicdev/musicdev/build/XCBuildData/103dc6c9ce59f5cc111a1cc56f87b09a.xcbuilddata
ClangStatCache /Applications/Xcode_16.4.app/Contents/Developer/Toolchains/XcodeDefault.xctoolchain/usr/bin/clang-stat-cache /Applications/Xcode_16.4.app/Contents/Developer/Platforms/iPhoneSimulator.platform/Developer/SDKs/iPhoneSimulator18.5.sdk /var/folders/nj/vtw8zd2j31d1gdrtntc5y4600000gn/C/com.apple.DeveloperTools/16.4-16F6/Xcode/SDKStatCaches.noindex/iphonesimulator18.5-22F76-96ae0914227b19deccb34b33ba7b5dea.sdkstatcache
    cd /Users/runner/work/musicdev/musicdev/ios/MusicDEV.xcodeproj
    /Applications/Xcode_16.4.app/Contents/Developer/Toolchains/XcodeDefault.xctoolchain/usr/bin/clang-stat-cache /Applications/Xcode_16.4.app/Contents/Developer/Platforms/iPhoneSimulator.platform/Developer/SDKs/iPhoneSimulator18.5.sdk -o /var/folders/nj/vtw8zd2j31d1gdrtntc5y4600000gn/C/com.apple.DeveloperTools/16.4-16F6/Xcode/SDKStatCaches.noindex/iphonesimulator18.5-22F76-96ae0914227b19deccb34b33ba7b5dea.sdkstatcache

CreateBuildDirectory /Users/runner/work/musicdev/musicdev/build
    cd /Users/runner/work/musicdev/musicdev/ios/MusicDEV.xcodeproj
    builtin-create-build-directory /Users/runner/work/musicdev/musicdev/build

WriteAuxiliaryFile /Users/runner/work/musicdev/musicdev/build/MusicDEV.build/Debug-iphonesimulator/MusicDEV-f707077c3f6918a98e1c963e352d964a-VFS-iphonesimulator/all-product-headers.yaml
    cd /Users/runner/work/musicdev/musicdev/ios/MusicDEV.xcodeproj
    write-file /Users/runner/work/musicdev/musicdev/build/MusicDEV.build/Debug-iphonesimulator/MusicDEV-f707077c3f6918a98e1c963e352d964a-VFS-iphonesimulator/all-product-headers.yaml

CreateBuildDirectory /Users/runner/work/musicdev/musicdev/build/EagerLinkingTBDs/Debug-iphonesimulator
    cd /Users/runner/work/musicdev/musicdev/ios/MusicDEV.xcodeproj
    builtin-create-build-directory /Users/runner/work/musicdev/musicdev/build/EagerLinkingTBDs/Debug-iphonesimulator

CreateBuildDirectory /Users/runner/work/musicdev/musicdev/build/Debug-iphonesimulator
    cd /Users/runner/work/musicdev/musicdev/ios/MusicDEV.xcodeproj
    builtin-create-build-directory /Users/runner/work/musicdev/musicdev/build/Debug-iphonesimulator

WriteAuxiliaryFile /Users/runner/work/musicdev/musicdev/build/MusicDEV.build/Debug-iphonesimulator/MusicDEV.build/Script-A10000000000000000002004.sh (in target 'MusicDEV' from project 'MusicDEV')
    cd /Users/runner/work/musicdev/musicdev/ios
    write-file /Users/runner/work/musicdev/musicdev/build/MusicDEV.build/Debug-iphonesimulator/MusicDEV.build/Script-A10000000000000000002004.sh

WriteAuxiliaryFile /Users/runner/work/musicdev/musicdev/build/MusicDEV.build/Debug-iphonesimulator/MusicDEV.build/Objects-normal/x86_64/MusicDEV_const_extract_protocols.json (in target 'MusicDEV' from project 'MusicDEV')
    cd /Users/runner/work/musicdev/musicdev/ios
    write-file /Users/runner/work/musicdev/musicdev/build/MusicDEV.build/Debug-iphonesimulator/MusicDEV.build/Objects-normal/x86_64/MusicDEV_const_extract_protocols.json

WriteAuxiliaryFile /Users/runner/work/musicdev/musicdev/build/MusicDEV.build/Debug-iphonesimulator/MusicDEV.build/Objects-normal/x86_64/MusicDEV.SwiftFileList (in target 'MusicDEV' from project 'MusicDEV')
    cd /Users/runner/work/musicdev/musicdev/ios
    write-file /Users/runner/work/musicdev/musicdev/build/MusicDEV.build/Debug-iphonesimulator/MusicDEV.build/Objects-normal/x86_64/MusicDEV.SwiftFileList

WriteAuxiliaryFile /Users/runner/work/musicdev/musicdev/build/MusicDEV.build/Debug-iphonesimulator/MusicDEV.build/Objects-normal/x86_64/MusicDEV.SwiftConstValuesFileList (in target 'MusicDEV' from project 'MusicDEV')
    cd /Users/runner/work/musicdev/musicdev/ios
    write-file /Users/runner/work/musicdev/musicdev/build/MusicDEV.build/Debug-iphonesimulator/MusicDEV.build/Objects-normal/x86_64/MusicDEV.SwiftConstValuesFileList

WriteAuxiliaryFile /Users/runner/work/musicdev/musicdev/build/MusicDEV.build/Debug-iphonesimulator/MusicDEV.build/Objects-normal/x86_64/MusicDEV.LinkFileList (in target 'MusicDEV' from project 'MusicDEV')
    cd /Users/runner/work/musicdev/musicdev/ios
    write-file /Users/runner/work/musicdev/musicdev/build/MusicDEV.build/Debug-iphonesimulator/MusicDEV.build/Objects-normal/x86_64/MusicDEV.LinkFileList

WriteAuxiliaryFile /Users/runner/work/musicdev/musicdev/build/MusicDEV.build/Debug-iphonesimulator/MusicDEV.build/Objects-normal/x86_64/MusicDEV-OutputFileMap.json (in target 'MusicDEV' from project 'MusicDEV')
    cd /Users/runner/work/musicdev/musicdev/ios
    write-file /Users/runner/work/musicdev/musicdev/build/MusicDEV.build/Debug-iphonesimulator/MusicDEV.build/Objects-normal/x86_64/MusicDEV-OutputFileMap.json

WriteAuxiliaryFile /Users/runner/work/musicdev/musicdev/build/MusicDEV.build/Debug-iphonesimulator/MusicDEV.build/Objects-normal/arm64/MusicDEV_const_extract_protocols.json (in target 'MusicDEV' from project 'MusicDEV')
    cd /Users/runner/work/musicdev/musicdev/ios
    write-file /Users/runner/work/musicdev/musicdev/build/MusicDEV.build/Debug-iphonesimulator/MusicDEV.build/Objects-normal/arm64/MusicDEV_const_extract_protocols.json

WriteAuxiliaryFile /Users/runner/work/musicdev/musicdev/build/MusicDEV.build/Debug-iphonesimulator/MusicDEV.build/Objects-normal/arm64/MusicDEV.SwiftFileList (in target 'MusicDEV' from project 'MusicDEV')
    cd /Users/runner/work/musicdev/musicdev/ios
    write-file /Users/runner/work/musicdev/musicdev/build/MusicDEV.build/Debug-iphonesimulator/MusicDEV.build/Objects-normal/arm64/MusicDEV.SwiftFileList

WriteAuxiliaryFile /Users/runner/work/musicdev/musicdev/build/MusicDEV.build/Debug-iphonesimulator/MusicDEV.build/Objects-normal/arm64/MusicDEV.SwiftConstValuesFileList (in target 'MusicDEV' from project 'MusicDEV')
    cd /Users/runner/work/musicdev/musicdev/ios
    write-file /Users/runner/work/musicdev/musicdev/build/MusicDEV.build/Debug-iphonesimulator/MusicDEV.build/Objects-normal/arm64/MusicDEV.SwiftConstValuesFileList

WriteAuxiliaryFile /Users/runner/work/musicdev/musicdev/build/MusicDEV.build/Debug-iphonesimulator/MusicDEV.build/Objects-normal/arm64/MusicDEV.LinkFileList (in target 'MusicDEV' from project 'MusicDEV')
    cd /Users/runner/work/musicdev/musicdev/ios
    write-file /Users/runner/work/musicdev/musicdev/build/MusicDEV.build/Debug-iphonesimulator/MusicDEV.build/Objects-normal/arm64/MusicDEV.LinkFileList

WriteAuxiliaryFile /Users/runner/work/musicdev/musicdev/build/MusicDEV.build/Debug-iphonesimulator/MusicDEV.build/Objects-normal/arm64/MusicDEV-OutputFileMap.json (in target 'MusicDEV' from project 'MusicDEV')
    cd /Users/runner/work/musicdev/musicdev/ios
    write-file /Users/runner/work/musicdev/musicdev/build/MusicDEV.build/Debug-iphonesimulator/MusicDEV.build/Objects-normal/arm64/MusicDEV-OutputFileMap.json

WriteAuxiliaryFile /Users/runner/work/musicdev/musicdev/build/MusicDEV.build/Debug-iphonesimulator/MusicDEV.build/MusicDEV.hmap (in target 'MusicDEV' from project 'MusicDEV')
    cd /Users/runner/work/musicdev/musicdev/ios
    write-file /Users/runner/work/musicdev/musicdev/build/MusicDEV.build/Debug-iphonesimulator/MusicDEV.build/MusicDEV.hmap

WriteAuxiliaryFile /Users/runner/work/musicdev/musicdev/build/MusicDEV.build/Debug-iphonesimulator/MusicDEV.build/MusicDEV.DependencyStaticMetadataFileList (in target 'MusicDEV' from project 'MusicDEV')
    cd /Users/runner/work/musicdev/musicdev/ios
    write-file /Users/runner/work/musicdev/musicdev/build/MusicDEV.build/Debug-iphonesimulator/MusicDEV.build/MusicDEV.DependencyStaticMetadataFileList

WriteAuxiliaryFile /Users/runner/work/musicdev/musicdev/build/MusicDEV.build/Debug-iphonesimulator/MusicDEV.build/MusicDEV.DependencyMetadataFileList (in target 'MusicDEV' from project 'MusicDEV')
    cd /Users/runner/work/musicdev/musicdev/ios
    write-file /Users/runner/work/musicdev/musicdev/build/MusicDEV.build/Debug-iphonesimulator/MusicDEV.build/MusicDEV.DependencyMetadataFileList

WriteAuxiliaryFile /Users/runner/work/musicdev/musicdev/build/MusicDEV.build/Debug-iphonesimulator/MusicDEV.build/MusicDEV-project-headers.hmap (in target 'MusicDEV' from project 'MusicDEV')
    cd /Users/runner/work/musicdev/musicdev/ios
    write-file /Users/runner/work/musicdev/musicdev/build/MusicDEV.build/Debug-iphonesimulator/MusicDEV.build/MusicDEV-project-headers.hmap

WriteAuxiliaryFile /Users/runner/work/musicdev/musicdev/build/MusicDEV.build/Debug-iphonesimulator/MusicDEV.build/MusicDEV-own-target-headers.hmap (in target 'MusicDEV' from project 'MusicDEV')
    cd /Users/runner/work/musicdev/musicdev/ios
    write-file /Users/runner/work/musicdev/musicdev/build/MusicDEV.build/Debug-iphonesimulator/MusicDEV.build/MusicDEV-own-target-headers.hmap

WriteAuxiliaryFile /Users/runner/work/musicdev/musicdev/build/MusicDEV.build/Debug-iphonesimulator/MusicDEV.build/MusicDEV-generated-files.hmap (in target 'MusicDEV' from project 'MusicDEV')
    cd /Users/runner/work/musicdev/musicdev/ios
    write-file /Users/runner/work/musicdev/musicdev/build/MusicDEV.build/Debug-iphonesimulator/MusicDEV.build/MusicDEV-generated-files.hmap

WriteAuxiliaryFile /Users/runner/work/musicdev/musicdev/build/MusicDEV.build/Debug-iphonesimulator/MusicDEV.build/MusicDEV-all-target-headers.hmap (in target 'MusicDEV' from project 'MusicDEV')
    cd /Users/runner/work/musicdev/musicdev/ios
    write-file /Users/runner/work/musicdev/musicdev/build/MusicDEV.build/Debug-iphonesimulator/MusicDEV.build/MusicDEV-all-target-headers.hmap

WriteAuxiliaryFile /Users/runner/work/musicdev/musicdev/build/MusicDEV.build/Debug-iphonesimulator/MusicDEV.build/MusicDEV-all-non-framework-target-headers.hmap (in target 'MusicDEV' from project 'MusicDEV')
    cd /Users/runner/work/musicdev/musicdev/ios
    write-file /Users/runner/work/musicdev/musicdev/build/MusicDEV.build/Debug-iphonesimulator/MusicDEV.build/MusicDEV-all-non-framework-target-headers.hmap

MkDir /Users/runner/work/musicdev/musicdev/build/Debug-iphonesimulator/MusicDEV.app (in target 'MusicDEV' from project 'MusicDEV')
    cd /Users/runner/work/musicdev/musicdev/ios
    /bin/mkdir -p /Users/runner/work/musicdev/musicdev/build/Debug-iphonesimulator/MusicDEV.app

MkDir /Users/runner/work/musicdev/musicdev/build/MusicDEV.build/Debug-iphonesimulator/MusicDEV.build/assetcatalog_output/unthinned (in target 'MusicDEV' from project 'MusicDEV')
    cd /Users/runner/work/musicdev/musicdev/ios
    /bin/mkdir -p /Users/runner/work/musicdev/musicdev/build/MusicDEV.build/Debug-iphonesimulator/MusicDEV.build/assetcatalog_output/unthinned

MkDir /Users/runner/work/musicdev/musicdev/build/MusicDEV.build/Debug-iphonesimulator/MusicDEV.build/assetcatalog_output/thinned (in target 'MusicDEV' from project 'MusicDEV')
    cd /Users/runner/work/musicdev/musicdev/ios
    /bin/mkdir -p /Users/runner/work/musicdev/musicdev/build/MusicDEV.build/Debug-iphonesimulator/MusicDEV.build/assetcatalog_output/thinned

GenerateAssetSymbols /Users/runner/work/musicdev/musicdev/ios/MusicDEV/Assets.xcassets (in target 'MusicDEV' from project 'MusicDEV')
    cd /Users/runner/work/musicdev/musicdev/ios
    /Applications/Xcode_16.4.app/Contents/Developer/usr/bin/actool /Users/runner/work/musicdev/musicdev/ios/MusicDEV/Assets.xcassets --compile /Users/runner/work/musicdev/musicdev/build/Debug-iphonesimulator/MusicDEV.app --output-format human-readable-text --notices --warnings --export-dependency-info /Users/runner/work/musicdev/musicdev/build/MusicDEV.build/Debug-iphonesimulator/MusicDEV.build/assetcatalog_dependencies --output-partial-info-plist /Users/runner/work/musicdev/musicdev/build/MusicDEV.build/Debug-iphonesimulator/MusicDEV.build/assetcatalog_generated_info.plist --app-icon AppIcon --compress-pngs --enable-on-demand-resources YES --development-region fr --target-device iphone --target-device ipad --minimum-deployment-target 15.0 --platform iphonesimulator --bundle-identifier ca.tomtommusic.musicdev --generate-swift-asset-symbol-extensions NO --generate-swift-asset-symbols /Users/runner/work/musicdev/musicdev/build/MusicDEV.build/Debug-iphonesimulator/MusicDEV.build/DerivedSources/GeneratedAssetSymbols.swift --generate-objc-asset-symbols /Users/runner/work/musicdev/musicdev/build/MusicDEV.build/Debug-iphonesimulator/MusicDEV.build/DerivedSources/GeneratedAssetSymbols.h --generate-asset-symbol-index /Users/runner/work/musicdev/musicdev/build/MusicDEV.build/Debug-iphonesimulator/MusicDEV.build/DerivedSources/GeneratedAssetSymbols-Index.plist
/* com.apple.actool.compilation-results */
/Users/runner/work/musicdev/musicdev/build/MusicDEV.build/Debug-iphonesimulator/MusicDEV.build/DerivedSources/GeneratedAssetSymbols-Index.plist
/Users/runner/work/musicdev/musicdev/build/MusicDEV.build/Debug-iphonesimulator/MusicDEV.build/DerivedSources/GeneratedAssetSymbols.h
/Users/runner/work/musicdev/musicdev/build/MusicDEV.build/Debug-iphonesimulator/MusicDEV.build/DerivedSources/GeneratedAssetSymbols.swift


CompileAssetCatalogVariant thinned /Users/runner/work/musicdev/musicdev/build/Debug-iphonesimulator/MusicDEV.app /Users/runner/work/musicdev/musicdev/ios/MusicDEV/Assets.xcassets (in target 'MusicDEV' from project 'MusicDEV')
    cd /Users/runner/work/musicdev/musicdev/ios
    /Applications/Xcode_16.4.app/Contents/Developer/usr/bin/actool /Users/runner/work/musicdev/musicdev/ios/MusicDEV/Assets.xcassets --compile /Users/runner/work/musicdev/musicdev/build/MusicDEV.build/Debug-iphonesimulator/MusicDEV.build/assetcatalog_output/thinned --output-format human-readable-text --notices --warnings --export-dependency-info /Users/runner/work/musicdev/musicdev/build/MusicDEV.build/Debug-iphonesimulator/MusicDEV.build/assetcatalog_dependencies_thinned --output-partial-info-plist /Users/runner/work/musicdev/musicdev/build/MusicDEV.build/Debug-iphonesimulator/MusicDEV.build/assetcatalog_generated_info.plist_thinned --app-icon AppIcon --compress-pngs --enable-on-demand-resources YES --development-region fr --target-device iphone --target-device ipad --minimum-deployment-target 15.0 --platform iphonesimulator
/* com.apple.actool.compilation-results */
/Users/runner/work/musicdev/musicdev/build/MusicDEV.build/Debug-iphonesimulator/MusicDEV.build/assetcatalog_generated_info.plist_thinned
/Users/runner/work/musicdev/musicdev/build/MusicDEV.build/Debug-iphonesimulator/MusicDEV.build/assetcatalog_output/thinned/AppIcon60x60@2x.png
/Users/runner/work/musicdev/musicdev/build/MusicDEV.build/Debug-iphonesimulator/MusicDEV.build/assetcatalog_output/thinned/AppIcon76x76@2x~ipad.png
/Users/runner/work/musicdev/musicdev/build/MusicDEV.build/Debug-iphonesimulator/MusicDEV.build/assetcatalog_output/thinned/Assets.car


SwiftDriver MusicDEV normal arm64 com.apple.xcode.tools.swift.compiler (in target 'MusicDEV' from project 'MusicDEV')
    cd /Users/runner/work/musicdev/musicdev/ios
    builtin-SwiftDriver -- /Applications/Xcode_16.4.app/Contents/Developer/Toolchains/XcodeDefault.xctoolchain/usr/bin/swiftc -module-name MusicDEV -Onone -enforce-exclusivity\=checked @/Users/runner/work/musicdev/musicdev/build/MusicDEV.build/Debug-iphonesimulator/MusicDEV.build/Objects-normal/arm64/MusicDEV.SwiftFileList -DDEBUG -enable-bare-slash-regex -enable-experimental-feature DebugDescriptionMacro -sdk /Applications/Xcode_16.4.app/Contents/Developer/Platforms/iPhoneSimulator.platform/Developer/SDKs/iPhoneSimulator18.5.sdk -target arm64-apple-ios15.0-simulator -g -Xfrontend -serialize-debugging-options -enable-testing -swift-version 5 -I /Users/runner/work/musicdev/musicdev/build/Debug-iphonesimulator -F /Users/runner/work/musicdev/musicdev/build/Debug-iphonesimulator -c -j3 -enable-batch-mode -incremental -Xcc -ivfsstatcache -Xcc /var/folders/nj/vtw8zd2j31d1gdrtntc5y4600000gn/C/com.apple.DeveloperTools/16.4-16F6/Xcode/SDKStatCaches.noindex/iphonesimulator18.5-22F76-96ae0914227b19deccb34b33ba7b5dea.sdkstatcache -output-file-map /Users/runner/work/musicdev/musicdev/build/MusicDEV.build/Debug-iphonesimulator/MusicDEV.build/Objects-normal/arm64/MusicDEV-OutputFileMap.json -use-frontend-parseable-output -save-temps -no-color-diagnostics -serialize-diagnostics -emit-dependencies -emit-module -emit-module-path /Users/runner/work/musicdev/musicdev/build/MusicDEV.build/Debug-iphonesimulator/MusicDEV.build/Objects-normal/arm64/MusicDEV.swiftmodule -validate-clang-modules-once -clang-build-session-file /var/folders/nj/vtw8zd2j31d1gdrtntc5y4600000gn/C/org.llvm.clang/ModuleCache.noindex/Session.modulevalidation -Xcc -I/Users/runner/work/musicdev/musicdev/build/MusicDEV.build/Debug-iphonesimulator/MusicDEV.build/swift-overrides.hmap -emit-const-values -Xfrontend -const-gather-protocols-file -Xfrontend /Users/runner/work/musicdev/musicdev/build/MusicDEV.build/Debug-iphonesimulator/MusicDEV.build/Objects-normal/arm64/MusicDEV_const_extract_protocols.json -Xcc -iquote -Xcc /Users/runner/work/musicdev/musicdev/build/MusicDEV.build/Debug-iphonesimulator/MusicDEV.build/MusicDEV-generated-files.hmap -Xcc -I/Users/runner/work/musicdev/musicdev/build/MusicDEV.build/Debug-iphonesimulator/MusicDEV.build/MusicDEV-own-target-headers.hmap -Xcc -I/Users/runner/work/musicdev/musicdev/build/MusicDEV.build/Debug-iphonesimulator/MusicDEV.build/MusicDEV-all-target-headers.hmap -Xcc -iquote -Xcc /Users/runner/work/musicdev/musicdev/build/MusicDEV.build/Debug-iphonesimulator/MusicDEV.build/MusicDEV-project-headers.hmap -Xcc -I/Users/runner/work/musicdev/musicdev/build/Debug-iphonesimulator/include -Xcc -I/Users/runner/work/musicdev/musicdev/build/MusicDEV.build/Debug-iphonesimulator/MusicDEV.build/DerivedSources-normal/arm64 -Xcc -I/Users/runner/work/musicdev/musicdev/build/MusicDEV.build/Debug-iphonesimulator/MusicDEV.build/DerivedSources/arm64 -Xcc -I/Users/runner/work/musicdev/musicdev/build/MusicDEV.build/Debug-iphonesimulator/MusicDEV.build/DerivedSources -emit-objc-header -emit-objc-header-path /Users/runner/work/musicdev/musicdev/build/MusicDEV.build/Debug-iphonesimulator/MusicDEV.build/Objects-normal/arm64/MusicDEV-Swift.h -working-directory /Users/runner/work/musicdev/musicdev/ios -experimental-emit-module-separately -disable-cmo

SwiftDriver MusicDEV normal x86_64 com.apple.xcode.tools.swift.compiler (in target 'MusicDEV' from project 'MusicDEV')
    cd /Users/runner/work/musicdev/musicdev/ios
    builtin-SwiftDriver -- /Applications/Xcode_16.4.app/Contents/Developer/Toolchains/XcodeDefault.xctoolchain/usr/bin/swiftc -module-name MusicDEV -Onone -enforce-exclusivity\=checked @/Users/runner/work/musicdev/musicdev/build/MusicDEV.build/Debug-iphonesimulator/MusicDEV.build/Objects-normal/x86_64/MusicDEV.SwiftFileList -DDEBUG -enable-bare-slash-regex -enable-experimental-feature DebugDescriptionMacro -sdk /Applications/Xcode_16.4.app/Contents/Developer/Platforms/iPhoneSimulator.platform/Developer/SDKs/iPhoneSimulator18.5.sdk -target x86_64-apple-ios15.0-simulator -g -Xfrontend -serialize-debugging-options -enable-testing -swift-version 5 -I /Users/runner/work/musicdev/musicdev/build/Debug-iphonesimulator -F /Users/runner/work/musicdev/musicdev/build/Debug-iphonesimulator -c -j3 -enable-batch-mode -incremental -Xcc -ivfsstatcache -Xcc /var/folders/nj/vtw8zd2j31d1gdrtntc5y4600000gn/C/com.apple.DeveloperTools/16.4-16F6/Xcode/SDKStatCaches.noindex/iphonesimulator18.5-22F76-96ae0914227b19deccb34b33ba7b5dea.sdkstatcache -output-file-map /Users/runner/work/musicdev/musicdev/build/MusicDEV.build/Debug-iphonesimulator/MusicDEV.build/Objects-normal/x86_64/MusicDEV-OutputFileMap.json -use-frontend-parseable-output -save-temps -no-color-diagnostics -serialize-diagnostics -emit-dependencies -emit-module -emit-module-path /Users/runner/work/musicdev/musicdev/build/MusicDEV.build/Debug-iphonesimulator/MusicDEV.build/Objects-normal/x86_64/MusicDEV.swiftmodule -validate-clang-modules-once -clang-build-session-file /var/folders/nj/vtw8zd2j31d1gdrtntc5y4600000gn/C/org.llvm.clang/ModuleCache.noindex/Session.modulevalidation -Xcc -I/Users/runner/work/musicdev/musicdev/build/MusicDEV.build/Debug-iphonesimulator/MusicDEV.build/swift-overrides.hmap -emit-const-values -Xfrontend -const-gather-protocols-file -Xfrontend /Users/runner/work/musicdev/musicdev/build/MusicDEV.build/Debug-iphonesimulator/MusicDEV.build/Objects-normal/x86_64/MusicDEV_const_extract_protocols.json -Xcc -iquote -Xcc /Users/runner/work/musicdev/musicdev/build/MusicDEV.build/Debug-iphonesimulator/MusicDEV.build/MusicDEV-generated-files.hmap -Xcc -I/Users/runner/work/musicdev/musicdev/build/MusicDEV.build/Debug-iphonesimulator/MusicDEV.build/MusicDEV-own-target-headers.hmap -Xcc -I/Users/runner/work/musicdev/musicdev/build/MusicDEV.build/Debug-iphonesimulator/MusicDEV.build/MusicDEV-all-target-headers.hmap -Xcc -iquote -Xcc /Users/runner/work/musicdev/musicdev/build/MusicDEV.build/Debug-iphonesimulator/MusicDEV.build/MusicDEV-project-headers.hmap -Xcc -I/Users/runner/work/musicdev/musicdev/build/Debug-iphonesimulator/include -Xcc -I/Users/runner/work/musicdev/musicdev/build/MusicDEV.build/Debug-iphonesimulator/MusicDEV.build/DerivedSources-normal/x86_64 -Xcc -I/Users/runner/work/musicdev/musicdev/build/MusicDEV.build/Debug-iphonesimulator/MusicDEV.build/DerivedSources/x86_64 -Xcc -I/Users/runner/work/musicdev/musicdev/build/MusicDEV.build/Debug-iphonesimulator/MusicDEV.build/DerivedSources -emit-objc-header -emit-objc-header-path /Users/runner/work/musicdev/musicdev/build/MusicDEV.build/Debug-iphonesimulator/MusicDEV.build/Objects-normal/x86_64/MusicDEV-Swift.h -working-directory /Users/runner/work/musicdev/musicdev/ios -experimental-emit-module-separately -disable-cmo

SwiftEmitModule normal arm64 Emitting\ module\ for\ MusicDEV (in target 'MusicDEV' from project 'MusicDEV')

EmitSwiftModule normal arm64 (in target 'MusicDEV' from project 'MusicDEV')
    cd /Users/runner/work/musicdev/musicdev/ios
    

SwiftEmitModule normal x86_64 Emitting\ module\ for\ MusicDEV (in target 'MusicDEV' from project 'MusicDEV')

EmitSwiftModule normal x86_64 (in target 'MusicDEV' from project 'MusicDEV')
    cd /Users/runner/work/musicdev/musicdev/ios
    

SwiftCompile normal x86_64 Compiling\ GeneratedAssetSymbols.swift /Users/runner/work/musicdev/musicdev/build/MusicDEV.build/Debug-iphonesimulator/MusicDEV.build/DerivedSources/GeneratedAssetSymbols.swift (in target 'MusicDEV' from project 'MusicDEV')

SwiftCompile normal x86_64 /Users/runner/work/musicdev/musicdev/build/MusicDEV.build/Debug-iphonesimulator/MusicDEV.build/DerivedSources/GeneratedAssetSymbols.swift (in target 'MusicDEV' from project 'MusicDEV')
    cd /Users/runner/work/musicdev/musicdev/ios
    

SwiftCompile normal x86_64 Compiling\ App.swift /Users/runner/work/musicdev/musicdev/ios/MusicDEV/App.swift (in target 'MusicDEV' from project 'MusicDEV')

SwiftCompile normal x86_64 /Users/runner/work/musicdev/musicdev/ios/MusicDEV/App.swift (in target 'MusicDEV' from project 'MusicDEV')
    cd /Users/runner/work/musicdev/musicdev/ios
    

SwiftDriverJobDiscovery normal x86_64 Emitting module for MusicDEV (in target 'MusicDEV' from project 'MusicDEV')

SwiftDriverJobDiscovery normal arm64 Emitting module for MusicDEV (in target 'MusicDEV' from project 'MusicDEV')

SwiftDriver\ Compilation\ Requirements MusicDEV normal x86_64 com.apple.xcode.tools.swift.compiler (in target 'MusicDEV' from project 'MusicDEV')
    cd /Users/runner/work/musicdev/musicdev/ios
    builtin-Swift-Compilation-Requirements -- /Applications/Xcode_16.4.app/Contents/Developer/Toolchains/XcodeDefault.xctoolchain/usr/bin/swiftc -module-name MusicDEV -Onone -enforce-exclusivity\=checked @/Users/runner/work/musicdev/musicdev/build/MusicDEV.build/Debug-iphonesimulator/MusicDEV.build/Objects-normal/x86_64/MusicDEV.SwiftFileList -DDEBUG -enable-bare-slash-regex -enable-experimental-feature DebugDescriptionMacro -sdk /Applications/Xcode_16.4.app/Contents/Developer/Platforms/iPhoneSimulator.platform/Developer/SDKs/iPhoneSimulator18.5.sdk -target x86_64-apple-ios15.0-simulator -g -Xfrontend -serialize-debugging-options -enable-testing -swift-version 5 -I /Users/runner/work/musicdev/musicdev/build/Debug-iphonesimulator -F /Users/runner/work/musicdev/musicdev/build/Debug-iphonesimulator -c -j3 -enable-batch-mode -incremental -Xcc -ivfsstatcache -Xcc /var/folders/nj/vtw8zd2j31d1gdrtntc5y4600000gn/C/com.apple.DeveloperTools/16.4-16F6/Xcode/SDKStatCaches.noindex/iphonesimulator18.5-22F76-96ae0914227b19deccb34b33ba7b5dea.sdkstatcache -output-file-map /Users/runner/work/musicdev/musicdev/build/MusicDEV.build/Debug-iphonesimulator/MusicDEV.build/Objects-normal/x86_64/MusicDEV-OutputFileMap.json -use-frontend-parseable-output -save-temps -no-color-diagnostics -serialize-diagnostics -emit-dependencies -emit-module -emit-module-path /Users/runner/work/musicdev/musicdev/build/MusicDEV.build/Debug-iphonesimulator/MusicDEV.build/Objects-normal/x86_64/MusicDEV.swiftmodule -validate-clang-modules-once -clang-build-session-file /var/folders/nj/vtw8zd2j31d1gdrtntc5y4600000gn/C/org.llvm.clang/ModuleCache.noindex/Session.modulevalidation -Xcc -I/Users/runner/work/musicdev/musicdev/build/MusicDEV.build/Debug-iphonesimulator/MusicDEV.build/swift-overrides.hmap -emit-const-values -Xfrontend -const-gather-protocols-file -Xfrontend /Users/runner/work/musicdev/musicdev/build/MusicDEV.build/Debug-iphonesimulator/MusicDEV.build/Objects-normal/x86_64/MusicDEV_const_extract_protocols.json -Xcc -iquote -Xcc /Users/runner/work/musicdev/musicdev/build/MusicDEV.build/Debug-iphonesimulator/MusicDEV.build/MusicDEV-generated-files.hmap -Xcc -I/Users/runner/work/musicdev/musicdev/build/MusicDEV.build/Debug-iphonesimulator/MusicDEV.build/MusicDEV-own-target-headers.hmap -Xcc -I/Users/runner/work/musicdev/musicdev/build/MusicDEV.build/Debug-iphonesimulator/MusicDEV.build/MusicDEV-all-target-headers.hmap -Xcc -iquote -Xcc /Users/runner/work/musicdev/musicdev/build/MusicDEV.build/Debug-iphonesimulator/MusicDEV.build/MusicDEV-project-headers.hmap -Xcc -I/Users/runner/work/musicdev/musicdev/build/Debug-iphonesimulator/include -Xcc -I/Users/runner/work/musicdev/musicdev/build/MusicDEV.build/Debug-iphonesimulator/MusicDEV.build/DerivedSources-normal/x86_64 -Xcc -I/Users/runner/work/musicdev/musicdev/build/MusicDEV.build/Debug-iphonesimulator/MusicDEV.build/DerivedSources/x86_64 -Xcc -I/Users/runner/work/musicdev/musicdev/build/MusicDEV.build/Debug-iphonesimulator/MusicDEV.build/DerivedSources -emit-objc-header -emit-objc-header-path /Users/runner/work/musicdev/musicdev/build/MusicDEV.build/Debug-iphonesimulator/MusicDEV.build/Objects-normal/x86_64/MusicDEV-Swift.h -working-directory /Users/runner/work/musicdev/musicdev/ios -experimental-emit-module-separately -disable-cmo

SwiftDriverJobDiscovery normal x86_64 Compiling GeneratedAssetSymbols.swift (in target 'MusicDEV' from project 'MusicDEV')

SwiftDriver\ Compilation\ Requirements MusicDEV normal arm64 com.apple.xcode.tools.swift.compiler (in target 'MusicDEV' from project 'MusicDEV')
    cd /Users/runner/work/musicdev/musicdev/ios
    builtin-Swift-Compilation-Requirements -- /Applications/Xcode_16.4.app/Contents/Developer/Toolchains/XcodeDefault.xctoolchain/usr/bin/swiftc -module-name MusicDEV -Onone -enforce-exclusivity\=checked @/Users/runner/work/musicdev/musicdev/build/MusicDEV.build/Debug-iphonesimulator/MusicDEV.build/Objects-normal/arm64/MusicDEV.SwiftFileList -DDEBUG -enable-bare-slash-regex -enable-experimental-feature DebugDescriptionMacro -sdk /Applications/Xcode_16.4.app/Contents/Developer/Platforms/iPhoneSimulator.platform/Developer/SDKs/iPhoneSimulator18.5.sdk -target arm64-apple-ios15.0-simulator -g -Xfrontend -serialize-debugging-options -enable-testing -swift-version 5 -I /Users/runner/work/musicdev/musicdev/build/Debug-iphonesimulator -F /Users/runner/work/musicdev/musicdev/build/Debug-iphonesimulator -c -j3 -enable-batch-mode -incremental -Xcc -ivfsstatcache -Xcc /var/folders/nj/vtw8zd2j31d1gdrtntc5y4600000gn/C/com.apple.DeveloperTools/16.4-16F6/Xcode/SDKStatCaches.noindex/iphonesimulator18.5-22F76-96ae0914227b19deccb34b33ba7b5dea.sdkstatcache -output-file-map /Users/runner/work/musicdev/musicdev/build/MusicDEV.build/Debug-iphonesimulator/MusicDEV.build/Objects-normal/arm64/MusicDEV-OutputFileMap.json -use-frontend-parseable-output -save-temps -no-color-diagnostics -serialize-diagnostics -emit-dependencies -emit-module -emit-module-path /Users/runner/work/musicdev/musicdev/build/MusicDEV.build/Debug-iphonesimulator/MusicDEV.build/Objects-normal/arm64/MusicDEV.swiftmodule -validate-clang-modules-once -clang-build-session-file /var/folders/nj/vtw8zd2j31d1gdrtntc5y4600000gn/C/org.llvm.clang/ModuleCache.noindex/Session.modulevalidation -Xcc -I/Users/runner/work/musicdev/musicdev/build/MusicDEV.build/Debug-iphonesimulator/MusicDEV.build/swift-overrides.hmap -emit-const-values -Xfrontend -const-gather-protocols-file -Xfrontend /Users/runner/work/musicdev/musicdev/build/MusicDEV.build/Debug-iphonesimulator/MusicDEV.build/Objects-normal/arm64/MusicDEV_const_extract_protocols.json -Xcc -iquote -Xcc /Users/runner/work/musicdev/musicdev/build/MusicDEV.build/Debug-iphonesimulator/MusicDEV.build/MusicDEV-generated-files.hmap -Xcc -I/Users/runner/work/musicdev/musicdev/build/MusicDEV.build/Debug-iphonesimulator/MusicDEV.build/MusicDEV-own-target-headers.hmap -Xcc -I/Users/runner/work/musicdev/musicdev/build/MusicDEV.build/Debug-iphonesimulator/MusicDEV.build/MusicDEV-all-target-headers.hmap -Xcc -iquote -Xcc /Users/runner/work/musicdev/musicdev/build/MusicDEV.build/Debug-iphonesimulator/MusicDEV.build/MusicDEV-project-headers.hmap -Xcc -I/Users/runner/work/musicdev/musicdev/build/Debug-iphonesimulator/include -Xcc -I/Users/runner/work/musicdev/musicdev/build/MusicDEV.build/Debug-iphonesimulator/MusicDEV.build/DerivedSources-normal/arm64 -Xcc -I/Users/runner/work/musicdev/musicdev/build/MusicDEV.build/Debug-iphonesimulator/MusicDEV.build/DerivedSources/arm64 -Xcc -I/Users/runner/work/musicdev/musicdev/build/MusicDEV.build/Debug-iphonesimulator/MusicDEV.build/DerivedSources -emit-objc-header -emit-objc-header-path /Users/runner/work/musicdev/musicdev/build/MusicDEV.build/Debug-iphonesimulator/MusicDEV.build/Objects-normal/arm64/MusicDEV-Swift.h -working-directory /Users/runner/work/musicdev/musicdev/ios -experimental-emit-module-separately -disable-cmo

SwiftCompile normal arm64 Compiling\ GeneratedAssetSymbols.swift /Users/runner/work/musicdev/musicdev/build/MusicDEV.build/Debug-iphonesimulator/MusicDEV.build/DerivedSources/GeneratedAssetSymbols.swift (in target 'MusicDEV' from project 'MusicDEV')

SwiftCompile normal arm64 /Users/runner/work/musicdev/musicdev/build/MusicDEV.build/Debug-iphonesimulator/MusicDEV.build/DerivedSources/GeneratedAssetSymbols.swift (in target 'MusicDEV' from project 'MusicDEV')
    cd /Users/runner/work/musicdev/musicdev/ios
    

SwiftMergeGeneratedHeaders /Users/runner/work/musicdev/musicdev/build/MusicDEV.build/Debug-iphonesimulator/MusicDEV.build/DerivedSources/MusicDEV-Swift.h /Users/runner/work/musicdev/musicdev/build/MusicDEV.build/Debug-iphonesimulator/MusicDEV.build/Objects-normal/arm64/MusicDEV-Swift.h /Users/runner/work/musicdev/musicdev/build/MusicDEV.build/Debug-iphonesimulator/MusicDEV.build/Objects-normal/x86_64/MusicDEV-Swift.h (in target 'MusicDEV' from project 'MusicDEV')
    cd /Users/runner/work/musicdev/musicdev/ios
    builtin-swiftHeaderTool -arch arm64 /Users/runner/work/musicdev/musicdev/build/MusicDEV.build/Debug-iphonesimulator/MusicDEV.build/Objects-normal/arm64/MusicDEV-Swift.h -arch x86_64 /Users/runner/work/musicdev/musicdev/build/MusicDEV.build/Debug-iphonesimulator/MusicDEV.build/Objects-normal/x86_64/MusicDEV-Swift.h -o /Users/runner/work/musicdev/musicdev/build/MusicDEV.build/Debug-iphonesimulator/MusicDEV.build/DerivedSources/MusicDEV-Swift.h

SwiftDriverJobDiscovery normal x86_64 Compiling App.swift (in target 'MusicDEV' from project 'MusicDEV')

Copy /Users/runner/work/musicdev/musicdev/build/Debug-iphonesimulator/MusicDEV.swiftmodule/x86_64-apple-ios-simulator.swiftmodule /Users/runner/work/musicdev/musicdev/build/MusicDEV.build/Debug-iphonesimulator/MusicDEV.build/Objects-normal/x86_64/MusicDEV.swiftmodule (in target 'MusicDEV' from project 'MusicDEV')
    cd /Users/runner/work/musicdev/musicdev/ios
    builtin-copy -exclude .DS_Store -exclude CVS -exclude .svn -exclude .git -exclude .hg -strip-unsigned-binaries -strip-deterministic -strip-tool /Applications/Xcode_16.4.app/Contents/Developer/Toolchains/XcodeDefault.xctoolchain/usr/bin/strip -resolve-src-symlinks -rename /Users/runner/work/musicdev/musicdev/build/MusicDEV.build/Debug-iphonesimulator/MusicDEV.build/Objects-normal/x86_64/MusicDEV.swiftmodule /Users/runner/work/musicdev/musicdev/build/Debug-iphonesimulator/MusicDEV.swiftmodule/x86_64-apple-ios-simulator.swiftmodule

Copy /Users/runner/work/musicdev/musicdev/build/Debug-iphonesimulator/MusicDEV.swiftmodule/x86_64-apple-ios-simulator.swiftdoc /Users/runner/work/musicdev/musicdev/build/MusicDEV.build/Debug-iphonesimulator/MusicDEV.build/Objects-normal/x86_64/MusicDEV.swiftdoc (in target 'MusicDEV' from project 'MusicDEV')
    cd /Users/runner/work/musicdev/musicdev/ios
    builtin-copy -exclude .DS_Store -exclude CVS -exclude .svn -exclude .git -exclude .hg -strip-unsigned-binaries -strip-deterministic -strip-tool /Applications/Xcode_16.4.app/Contents/Developer/Toolchains/XcodeDefault.xctoolchain/usr/bin/strip -resolve-src-symlinks -rename /Users/runner/work/musicdev/musicdev/build/MusicDEV.build/Debug-iphonesimulator/MusicDEV.build/Objects-normal/x86_64/MusicDEV.swiftdoc /Users/runner/work/musicdev/musicdev/build/Debug-iphonesimulator/MusicDEV.swiftmodule/x86_64-apple-ios-simulator.swiftdoc

Copy /Users/runner/work/musicdev/musicdev/build/Debug-iphonesimulator/MusicDEV.swiftmodule/x86_64-apple-ios-simulator.abi.json /Users/runner/work/musicdev/musicdev/build/MusicDEV.build/Debug-iphonesimulator/MusicDEV.build/Objects-normal/x86_64/MusicDEV.abi.json (in target 'MusicDEV' from project 'MusicDEV')
    cd /Users/runner/work/musicdev/musicdev/ios
    builtin-copy -exclude .DS_Store -exclude CVS -exclude .svn -exclude .git -exclude .hg -strip-unsigned-binaries -strip-deterministic -strip-tool /Applications/Xcode_16.4.app/Contents/Developer/Toolchains/XcodeDefault.xctoolchain/usr/bin/strip -resolve-src-symlinks -rename /Users/runner/work/musicdev/musicdev/build/MusicDEV.build/Debug-iphonesimulator/MusicDEV.build/Objects-normal/x86_64/MusicDEV.abi.json /Users/runner/work/musicdev/musicdev/build/Debug-iphonesimulator/MusicDEV.swiftmodule/x86_64-apple-ios-simulator.abi.json

Copy /Users/runner/work/musicdev/musicdev/build/Debug-iphonesimulator/MusicDEV.swiftmodule/arm64-apple-ios-simulator.swiftmodule /Users/runner/work/musicdev/musicdev/build/MusicDEV.build/Debug-iphonesimulator/MusicDEV.build/Objects-normal/arm64/MusicDEV.swiftmodule (in target 'MusicDEV' from project 'MusicDEV')
    cd /Users/runner/work/musicdev/musicdev/ios
    builtin-copy -exclude .DS_Store -exclude CVS -exclude .svn -exclude .git -exclude .hg -strip-unsigned-binaries -strip-deterministic -strip-tool /Applications/Xcode_16.4.app/Contents/Developer/Toolchains/XcodeDefault.xctoolchain/usr/bin/strip -resolve-src-symlinks -rename /Users/runner/work/musicdev/musicdev/build/MusicDEV.build/Debug-iphonesimulator/MusicDEV.build/Objects-normal/arm64/MusicDEV.swiftmodule /Users/runner/work/musicdev/musicdev/build/Debug-iphonesimulator/MusicDEV.swiftmodule/arm64-apple-ios-simulator.swiftmodule

Copy /Users/runner/work/musicdev/musicdev/build/Debug-iphonesimulator/MusicDEV.swiftmodule/arm64-apple-ios-simulator.swiftdoc /Users/runner/work/musicdev/musicdev/build/MusicDEV.build/Debug-iphonesimulator/MusicDEV.build/Objects-normal/arm64/MusicDEV.swiftdoc (in target 'MusicDEV' from project 'MusicDEV')
    cd /Users/runner/work/musicdev/musicdev/ios
    builtin-copy -exclude .DS_Store -exclude CVS -exclude .svn -exclude .git -exclude .hg -strip-unsigned-binaries -strip-deterministic -strip-tool /Applications/Xcode_16.4.app/Contents/Developer/Toolchains/XcodeDefault.xctoolchain/usr/bin/strip -resolve-src-symlinks -rename /Users/runner/work/musicdev/musicdev/build/MusicDEV.build/Debug-iphonesimulator/MusicDEV.build/Objects-normal/arm64/MusicDEV.swiftdoc /Users/runner/work/musicdev/musicdev/build/Debug-iphonesimulator/MusicDEV.swiftmodule/arm64-apple-ios-simulator.swiftdoc

Copy /Users/runner/work/musicdev/musicdev/build/Debug-iphonesimulator/MusicDEV.swiftmodule/arm64-apple-ios-simulator.abi.json /Users/runner/work/musicdev/musicdev/build/MusicDEV.build/Debug-iphonesimulator/MusicDEV.build/Objects-normal/arm64/MusicDEV.abi.json (in target 'MusicDEV' from project 'MusicDEV')
    cd /Users/runner/work/musicdev/musicdev/ios
    builtin-copy -exclude .DS_Store -exclude CVS -exclude .svn -exclude .git -exclude .hg -strip-unsigned-binaries -strip-deterministic -strip-tool /Applications/Xcode_16.4.app/Contents/Developer/Toolchains/XcodeDefault.xctoolchain/usr/bin/strip -resolve-src-symlinks -rename /Users/runner/work/musicdev/musicdev/build/MusicDEV.build/Debug-iphonesimulator/MusicDEV.build/Objects-normal/arm64/MusicDEV.abi.json /Users/runner/work/musicdev/musicdev/build/Debug-iphonesimulator/MusicDEV.swiftmodule/arm64-apple-ios-simulator.abi.json

Copy /Users/runner/work/musicdev/musicdev/build/Debug-iphonesimulator/MusicDEV.swiftmodule/Project/x86_64-apple-ios-simulator.swiftsourceinfo /Users/runner/work/musicdev/musicdev/build/MusicDEV.build/Debug-iphonesimulator/MusicDEV.build/Objects-normal/x86_64/MusicDEV.swiftsourceinfo (in target 'MusicDEV' from project 'MusicDEV')
    cd /Users/runner/work/musicdev/musicdev/ios
    builtin-copy -exclude .DS_Store -exclude CVS -exclude .svn -exclude .git -exclude .hg -strip-unsigned-binaries -strip-deterministic -strip-tool /Applications/Xcode_16.4.app/Contents/Developer/Toolchains/XcodeDefault.xctoolchain/usr/bin/strip -resolve-src-symlinks -rename /Users/runner/work/musicdev/musicdev/build/MusicDEV.build/Debug-iphonesimulator/MusicDEV.build/Objects-normal/x86_64/MusicDEV.swiftsourceinfo /Users/runner/work/musicdev/musicdev/build/Debug-iphonesimulator/MusicDEV.swiftmodule/Project/x86_64-apple-ios-simulator.swiftsourceinfo

Copy /Users/runner/work/musicdev/musicdev/build/Debug-iphonesimulator/MusicDEV.swiftmodule/Project/arm64-apple-ios-simulator.swiftsourceinfo /Users/runner/work/musicdev/musicdev/build/MusicDEV.build/Debug-iphonesimulator/MusicDEV.build/Objects-normal/arm64/MusicDEV.swiftsourceinfo (in target 'MusicDEV' from project 'MusicDEV')
    cd /Users/runner/work/musicdev/musicdev/ios
    builtin-copy -exclude .DS_Store -exclude CVS -exclude .svn -exclude .git -exclude .hg -strip-unsigned-binaries -strip-deterministic -strip-tool /Applications/Xcode_16.4.app/Contents/Developer/Toolchains/XcodeDefault.xctoolchain/usr/bin/strip -resolve-src-symlinks -rename /Users/runner/work/musicdev/musicdev/build/MusicDEV.build/Debug-iphonesimulator/MusicDEV.build/Objects-normal/arm64/MusicDEV.swiftsourceinfo /Users/runner/work/musicdev/musicdev/build/Debug-iphonesimulator/MusicDEV.swiftmodule/Project/arm64-apple-ios-simulator.swiftsourceinfo

SwiftDriver\ Compilation MusicDEV normal x86_64 com.apple.xcode.tools.swift.compiler (in target 'MusicDEV' from project 'MusicDEV')
    cd /Users/runner/work/musicdev/musicdev/ios
    builtin-Swift-Compilation -- /Applications/Xcode_16.4.app/Contents/Developer/Toolchains/XcodeDefault.xctoolchain/usr/bin/swiftc -module-name MusicDEV -Onone -enforce-exclusivity\=checked @/Users/runner/work/musicdev/musicdev/build/MusicDEV.build/Debug-iphonesimulator/MusicDEV.build/Objects-normal/x86_64/MusicDEV.SwiftFileList -DDEBUG -enable-bare-slash-regex -enable-experimental-feature DebugDescriptionMacro -sdk /Applications/Xcode_16.4.app/Contents/Developer/Platforms/iPhoneSimulator.platform/Developer/SDKs/iPhoneSimulator18.5.sdk -target x86_64-apple-ios15.0-simulator -g -Xfrontend -serialize-debugging-options -enable-testing -swift-version 5 -I /Users/runner/work/musicdev/musicdev/build/Debug-iphonesimulator -F /Users/runner/work/musicdev/musicdev/build/Debug-iphonesimulator -c -j3 -enable-batch-mode -incremental -Xcc -ivfsstatcache -Xcc /var/folders/nj/vtw8zd2j31d1gdrtntc5y4600000gn/C/com.apple.DeveloperTools/16.4-16F6/Xcode/SDKStatCaches.noindex/iphonesimulator18.5-22F76-96ae0914227b19deccb34b33ba7b5dea.sdkstatcache -output-file-map /Users/runner/work/musicdev/musicdev/build/MusicDEV.build/Debug-iphonesimulator/MusicDEV.build/Objects-normal/x86_64/MusicDEV-OutputFileMap.json -use-frontend-parseable-output -save-temps -no-color-diagnostics -serialize-diagnostics -emit-dependencies -emit-module -emit-module-path /Users/runner/work/musicdev/musicdev/build/MusicDEV.build/Debug-iphonesimulator/MusicDEV.build/Objects-normal/x86_64/MusicDEV.swiftmodule -validate-clang-modules-once -clang-build-session-file /var/folders/nj/vtw8zd2j31d1gdrtntc5y4600000gn/C/org.llvm.clang/ModuleCache.noindex/Session.modulevalidation -Xcc -I/Users/runner/work/musicdev/musicdev/build/MusicDEV.build/Debug-iphonesimulator/MusicDEV.build/swift-overrides.hmap -emit-const-values -Xfrontend -const-gather-protocols-file -Xfrontend /Users/runner/work/musicdev/musicdev/build/MusicDEV.build/Debug-iphonesimulator/MusicDEV.build/Objects-normal/x86_64/MusicDEV_const_extract_protocols.json -Xcc -iquote -Xcc /Users/runner/work/musicdev/musicdev/build/MusicDEV.build/Debug-iphonesimulator/MusicDEV.build/MusicDEV-generated-files.hmap -Xcc -I/Users/runner/work/musicdev/musicdev/build/MusicDEV.build/Debug-iphonesimulator/MusicDEV.build/MusicDEV-own-target-headers.hmap -Xcc -I/Users/runner/work/musicdev/musicdev/build/MusicDEV.build/Debug-iphonesimulator/MusicDEV.build/MusicDEV-all-target-headers.hmap -Xcc -iquote -Xcc /Users/runner/work/musicdev/musicdev/build/MusicDEV.build/Debug-iphonesimulator/MusicDEV.build/MusicDEV-project-headers.hmap -Xcc -I/Users/runner/work/musicdev/musicdev/build/Debug-iphonesimulator/include -Xcc -I/Users/runner/work/musicdev/musicdev/build/MusicDEV.build/Debug-iphonesimulator/MusicDEV.build/DerivedSources-normal/x86_64 -Xcc -I/Users/runner/work/musicdev/musicdev/build/MusicDEV.build/Debug-iphonesimulator/MusicDEV.build/DerivedSources/x86_64 -Xcc -I/Users/runner/work/musicdev/musicdev/build/MusicDEV.build/Debug-iphonesimulator/MusicDEV.build/DerivedSources -emit-objc-header -emit-objc-header-path /Users/runner/work/musicdev/musicdev/build/MusicDEV.build/Debug-iphonesimulator/MusicDEV.build/Objects-normal/x86_64/MusicDEV-Swift.h -working-directory /Users/runner/work/musicdev/musicdev/ios -experimental-emit-module-separately -disable-cmo

SwiftCompile normal arm64 Compiling\ App.swift /Users/runner/work/musicdev/musicdev/ios/MusicDEV/App.swift (in target 'MusicDEV' from project 'MusicDEV')

SwiftCompile normal arm64 /Users/runner/work/musicdev/musicdev/ios/MusicDEV/App.swift (in target 'MusicDEV' from project 'MusicDEV')
    cd /Users/runner/work/musicdev/musicdev/ios
    

SwiftDriverJobDiscovery normal arm64 Compiling GeneratedAssetSymbols.swift (in target 'MusicDEV' from project 'MusicDEV')

Ld /Users/runner/work/musicdev/musicdev/build/MusicDEV.build/Debug-iphonesimulator/MusicDEV.build/Objects-normal/x86_64/Binary/MusicDEV normal x86_64 (in target 'MusicDEV' from project 'MusicDEV')
    cd /Users/runner/work/musicdev/musicdev/ios
    /Applications/Xcode_16.4.app/Contents/Developer/Toolchains/XcodeDefault.xctoolchain/usr/bin/clang -Xlinker -reproducible -target x86_64-apple-ios15.0-simulator -isysroot /Applications/Xcode_16.4.app/Contents/Developer/Platforms/iPhoneSimulator.platform/Developer/SDKs/iPhoneSimulator18.5.sdk -O0 -L/Users/runner/work/musicdev/musicdev/build/EagerLinkingTBDs/Debug-iphonesimulator -L/Users/runner/work/musicdev/musicdev/build/Debug-iphonesimulator -F/Users/runner/work/musicdev/musicdev/build/EagerLinkingTBDs/Debug-iphonesimulator -F/Users/runner/work/musicdev/musicdev/build/Debug-iphonesimulator -filelist /Users/runner/work/musicdev/musicdev/build/MusicDEV.build/Debug-iphonesimulator/MusicDEV.build/Objects-normal/x86_64/MusicDEV.LinkFileList -Xlinker -rpath -Xlinker @executable_path/Frameworks -dead_strip -Xlinker -object_path_lto -Xlinker /Users/runner/work/musicdev/musicdev/build/MusicDEV.build/Debug-iphonesimulator/MusicDEV.build/Objects-normal/x86_64/MusicDEV_lto.o -rdynamic -Xlinker -no_deduplicate -Xlinker -objc_abi_version -Xlinker 2 -Xlinker -dependency_info -Xlinker /Users/runner/work/musicdev/musicdev/build/MusicDEV.build/Debug-iphonesimulator/MusicDEV.build/Objects-normal/x86_64/MusicDEV_dependency_info.dat -fobjc-link-runtime -L/Applications/Xcode_16.4.app/Contents/Developer/Toolchains/XcodeDefault.xctoolchain/usr/lib/swift/iphonesimulator -L/usr/lib/swift -Xlinker -add_ast_path -Xlinker /Users/runner/work/musicdev/musicdev/build/MusicDEV.build/Debug-iphonesimulator/MusicDEV.build/Objects-normal/x86_64/MusicDEV.swiftmodule -o /Users/runner/work/musicdev/musicdev/build/MusicDEV.build/Debug-iphonesimulator/MusicDEV.build/Objects-normal/x86_64/Binary/MusicDEV

SwiftDriverJobDiscovery normal arm64 Compiling App.swift (in target 'MusicDEV' from project 'MusicDEV')

SwiftDriver\ Compilation MusicDEV normal arm64 com.apple.xcode.tools.swift.compiler (in target 'MusicDEV' from project 'MusicDEV')
    cd /Users/runner/work/musicdev/musicdev/ios
    builtin-Swift-Compilation -- /Applications/Xcode_16.4.app/Contents/Developer/Toolchains/XcodeDefault.xctoolchain/usr/bin/swiftc -module-name MusicDEV -Onone -enforce-exclusivity\=checked @/Users/runner/work/musicdev/musicdev/build/MusicDEV.build/Debug-iphonesimulator/MusicDEV.build/Objects-normal/arm64/MusicDEV.SwiftFileList -DDEBUG -enable-bare-slash-regex -enable-experimental-feature DebugDescriptionMacro -sdk /Applications/Xcode_16.4.app/Contents/Developer/Platforms/iPhoneSimulator.platform/Developer/SDKs/iPhoneSimulator18.5.sdk -target arm64-apple-ios15.0-simulator -g -Xfrontend -serialize-debugging-options -enable-testing -swift-version 5 -I /Users/runner/work/musicdev/musicdev/build/Debug-iphonesimulator -F /Users/runner/work/musicdev/musicdev/build/Debug-iphonesimulator -c -j3 -enable-batch-mode -incremental -Xcc -ivfsstatcache -Xcc /var/folders/nj/vtw8zd2j31d1gdrtntc5y4600000gn/C/com.apple.DeveloperTools/16.4-16F6/Xcode/SDKStatCaches.noindex/iphonesimulator18.5-22F76-96ae0914227b19deccb34b33ba7b5dea.sdkstatcache -output-file-map /Users/runner/work/musicdev/musicdev/build/MusicDEV.build/Debug-iphonesimulator/MusicDEV.build/Objects-normal/arm64/MusicDEV-OutputFileMap.json -use-frontend-parseable-output -save-temps -no-color-diagnostics -serialize-diagnostics -emit-dependencies -emit-module -emit-module-path /Users/runner/work/musicdev/musicdev/build/MusicDEV.build/Debug-iphonesimulator/MusicDEV.build/Objects-normal/arm64/MusicDEV.swiftmodule -validate-clang-modules-once -clang-build-session-file /var/folders/nj/vtw8zd2j31d1gdrtntc5y4600000gn/C/org.llvm.clang/ModuleCache.noindex/Session.modulevalidation -Xcc -I/Users/runner/work/musicdev/musicdev/build/MusicDEV.build/Debug-iphonesimulator/MusicDEV.build/swift-overrides.hmap -emit-const-values -Xfrontend -const-gather-protocols-file -Xfrontend /Users/runner/work/musicdev/musicdev/build/MusicDEV.build/Debug-iphonesimulator/MusicDEV.build/Objects-normal/arm64/MusicDEV_const_extract_protocols.json -Xcc -iquote -Xcc /Users/runner/work/musicdev/musicdev/build/MusicDEV.build/Debug-iphonesimulator/MusicDEV.build/MusicDEV-generated-files.hmap -Xcc -I/Users/runner/work/musicdev/musicdev/build/MusicDEV.build/Debug-iphonesimulator/MusicDEV.build/MusicDEV-own-target-headers.hmap -Xcc -I/Users/runner/work/musicdev/musicdev/build/MusicDEV.build/Debug-iphonesimulator/MusicDEV.build/MusicDEV-all-target-headers.hmap -Xcc -iquote -Xcc /Users/runner/work/musicdev/musicdev/build/MusicDEV.build/Debug-iphonesimulator/MusicDEV.build/MusicDEV-project-headers.hmap -Xcc -I/Users/runner/work/musicdev/musicdev/build/Debug-iphonesimulator/include -Xcc -I/Users/runner/work/musicdev/musicdev/build/MusicDEV.build/Debug-iphonesimulator/MusicDEV.build/DerivedSources-normal/arm64 -Xcc -I/Users/runner/work/musicdev/musicdev/build/MusicDEV.build/Debug-iphonesimulator/MusicDEV.build/DerivedSources/arm64 -Xcc -I/Users/runner/work/musicdev/musicdev/build/MusicDEV.build/Debug-iphonesimulator/MusicDEV.build/DerivedSources -emit-objc-header -emit-objc-header-path /Users/runner/work/musicdev/musicdev/build/MusicDEV.build/Debug-iphonesimulator/MusicDEV.build/Objects-normal/arm64/MusicDEV-Swift.h -working-directory /Users/runner/work/musicdev/musicdev/ios -experimental-emit-module-separately -disable-cmo

Ld /Users/runner/work/musicdev/musicdev/build/MusicDEV.build/Debug-iphonesimulator/MusicDEV.build/Objects-normal/arm64/Binary/MusicDEV normal arm64 (in target 'MusicDEV' from project 'MusicDEV')
    cd /Users/runner/work/musicdev/musicdev/ios
    /Applications/Xcode_16.4.app/Contents/Developer/Toolchains/XcodeDefault.xctoolchain/usr/bin/clang -Xlinker -reproducible -target arm64-apple-ios15.0-simulator -isysroot /Applications/Xcode_16.4.app/Contents/Developer/Platforms/iPhoneSimulator.platform/Developer/SDKs/iPhoneSimulator18.5.sdk -O0 -L/Users/runner/work/musicdev/musicdev/build/EagerLinkingTBDs/Debug-iphonesimulator -L/Users/runner/work/musicdev/musicdev/build/Debug-iphonesimulator -F/Users/runner/work/musicdev/musicdev/build/EagerLinkingTBDs/Debug-iphonesimulator -F/Users/runner/work/musicdev/musicdev/build/Debug-iphonesimulator -filelist /Users/runner/work/musicdev/musicdev/build/MusicDEV.build/Debug-iphonesimulator/MusicDEV.build/Objects-normal/arm64/MusicDEV.LinkFileList -Xlinker -rpath -Xlinker @executable_path/Frameworks -dead_strip -Xlinker -object_path_lto -Xlinker /Users/runner/work/musicdev/musicdev/build/MusicDEV.build/Debug-iphonesimulator/MusicDEV.build/Objects-normal/arm64/MusicDEV_lto.o -rdynamic -Xlinker -no_deduplicate -Xlinker -objc_abi_version -Xlinker 2 -Xlinker -dependency_info -Xlinker /Users/runner/work/musicdev/musicdev/build/MusicDEV.build/Debug-iphonesimulator/MusicDEV.build/Objects-normal/arm64/MusicDEV_dependency_info.dat -fobjc-link-runtime -L/Applications/Xcode_16.4.app/Contents/Developer/Toolchains/XcodeDefault.xctoolchain/usr/lib/swift/iphonesimulator -L/usr/lib/swift -Xlinker -add_ast_path -Xlinker /Users/runner/work/musicdev/musicdev/build/MusicDEV.build/Debug-iphonesimulator/MusicDEV.build/Objects-normal/arm64/MusicDEV.swiftmodule -o /Users/runner/work/musicdev/musicdev/build/MusicDEV.build/Debug-iphonesimulator/MusicDEV.build/Objects-normal/arm64/Binary/MusicDEV

CreateUniversalBinary /Users/runner/work/musicdev/musicdev/build/Debug-iphonesimulator/MusicDEV.app/MusicDEV normal arm64\ x86_64 (in target 'MusicDEV' from project 'MusicDEV')
    cd /Users/runner/work/musicdev/musicdev/ios
    /Applications/Xcode_16.4.app/Contents/Developer/Toolchains/XcodeDefault.xctoolchain/usr/bin/lipo -create /Users/runner/work/musicdev/musicdev/build/MusicDEV.build/Debug-iphonesimulator/MusicDEV.build/Objects-normal/arm64/Binary/MusicDEV /Users/runner/work/musicdev/musicdev/build/MusicDEV.build/Debug-iphonesimulator/MusicDEV.build/Objects-normal/x86_64/Binary/MusicDEV -output /Users/runner/work/musicdev/musicdev/build/Debug-iphonesimulator/MusicDEV.app/MusicDEV

LinkAssetCatalog /Users/runner/work/musicdev/musicdev/ios/MusicDEV/Assets.xcassets (in target 'MusicDEV' from project 'MusicDEV')
    cd /Users/runner/work/musicdev/musicdev/ios
    builtin-linkAssetCatalog --thinned /Users/runner/work/musicdev/musicdev/build/MusicDEV.build/Debug-iphonesimulator/MusicDEV.build/assetcatalog_output/thinned --thinned-dependencies /Users/runner/work/musicdev/musicdev/build/MusicDEV.build/Debug-iphonesimulator/MusicDEV.build/assetcatalog_dependencies_thinned --thinned-info-plist-content /Users/runner/work/musicdev/musicdev/build/MusicDEV.build/Debug-iphonesimulator/MusicDEV.build/assetcatalog_generated_info.plist_thinned --unthinned /Users/runner/work/musicdev/musicdev/build/MusicDEV.build/Debug-iphonesimulator/MusicDEV.build/assetcatalog_output/unthinned --unthinned-dependencies /Users/runner/work/musicdev/musicdev/build/MusicDEV.build/Debug-iphonesimulator/MusicDEV.build/assetcatalog_dependencies_unthinned --unthinned-info-plist-content /Users/runner/work/musicdev/musicdev/build/MusicDEV.build/Debug-iphonesimulator/MusicDEV.build/assetcatalog_generated_info.plist_unthinned --output /Users/runner/work/musicdev/musicdev/build/Debug-iphonesimulator/MusicDEV.app --plist-output /Users/runner/work/musicdev/musicdev/build/MusicDEV.build/Debug-iphonesimulator/MusicDEV.build/assetcatalog_generated_info.plist
note: Emplaced /Users/runner/work/musicdev/musicdev/build/Debug-iphonesimulator/MusicDEV.app/Assets.car (in target 'MusicDEV' from project 'MusicDEV')
note: Emplaced /Users/runner/work/musicdev/musicdev/build/Debug-iphonesimulator/MusicDEV.app/AppIcon60x60@2x.png (in target 'MusicDEV' from project 'MusicDEV')
note: Emplaced /Users/runner/work/musicdev/musicdev/build/Debug-iphonesimulator/MusicDEV.app/AppIcon76x76@2x~ipad.png (in target 'MusicDEV' from project 'MusicDEV')

ProcessInfoPlistFile /Users/runner/work/musicdev/musicdev/build/Debug-iphonesimulator/MusicDEV.app/Info.plist /Users/runner/work/musicdev/musicdev/ios/MusicDEV/Info.plist (in target 'MusicDEV' from project 'MusicDEV')
    cd /Users/runner/work/musicdev/musicdev/ios
    builtin-infoPlistUtility /Users/runner/work/musicdev/musicdev/ios/MusicDEV/Info.plist -producttype com.apple.product-type.application -genpkginfo /Users/runner/work/musicdev/musicdev/build/Debug-iphonesimulator/MusicDEV.app/PkgInfo -expandbuildsettings -format binary -platform iphonesimulator -additionalcontentfile /Users/runner/work/musicdev/musicdev/build/MusicDEV.build/Debug-iphonesimulator/MusicDEV.build/assetcatalog_generated_info.plist -o /Users/runner/work/musicdev/musicdev/build/Debug-iphonesimulator/MusicDEV.app/Info.plist

PhaseScriptExecution Copier\ l\'app\ web /Users/runner/work/musicdev/musicdev/build/MusicDEV.build/Debug-iphonesimulator/MusicDEV.build/Script-A10000000000000000002004.sh (in target 'MusicDEV' from project 'MusicDEV')
    cd /Users/runner/work/musicdev/musicdev/ios
    export ACTION\=build
    export AD_HOC_CODE_SIGNING_ALLOWED\=YES
    export AGGREGATE_TRACKED_DOMAINS\=YES
    export ALLOW_BUILD_REQUEST_OVERRIDES\=NO
    export ALLOW_TARGET_PLATFORM_SPECIALIZATION\=NO
    export ALTERNATE_GROUP\=staff
    export ALTERNATE_MODE\=u+w,go-w,a+rX
    export ALTERNATE_OWNER\=runner
    export ALTERNATIVE_DISTRIBUTION_WEB\=NO
    export ALWAYS_EMBED_SWIFT_STANDARD_LIBRARIES\=NO
    export ALWAYS_SEARCH_USER_PATHS\=NO
    export ALWAYS_USE_SEPARATE_HEADERMAPS\=NO
    export APPLICATION_EXTENSION_API_ONLY\=NO
    export APPLY_RULES_IN_COPY_FILES\=NO
    export APPLY_RULES_IN_COPY_HEADERS\=NO
    export APP_SHORTCUTS_ENABLE_FLEXIBLE_MATCHING\=YES
    export ARCHS\=arm64\ x86_64
    export ARCHS_STANDARD\=arm64\ x86_64
    export ARCHS_STANDARD_32_64_BIT\=arm64\ x86_64
    export ARCHS_STANDARD_64_BIT\=arm64\ x86_64
    export ARCHS_STANDARD_INCLUDING_64_BIT\=arm64\ x86_64
    export ARCHS_UNIVERSAL_IPHONE_OS\=arm64\ x86_64
    export ASSETCATALOG_COMPILER_APPICON_NAME\=AppIcon
    export AUTOMATICALLY_MERGE_DEPENDENCIES\=NO
    export AVAILABLE_PLATFORMS\=android\ appletvos\ appletvsimulator\ driverkit\ iphoneos\ iphonesimulator\ macosx\ qnx\ watchos\ watchsimulator\ xros\ xrsimulator
    export BITCODE_GENERATION_MODE\=marker
    export BUILD_ACTIVE_RESOURCES_ONLY\=NO
    export BUILD_COMPONENTS\=headers\ build
    export BUILD_DIR\=/Users/runner/work/musicdev/musicdev/build
    export BUILD_LIBRARY_FOR_DISTRIBUTION\=NO
    export BUILD_ROOT\=/Users/runner/work/musicdev/musicdev/build
    export BUILD_STYLE\=
    export BUILD_VARIANTS\=normal
    export BUILT_PRODUCTS_DIR\=/Users/runner/work/musicdev/musicdev/build/Debug-iphonesimulator
    export BUNDLE_CONTENTS_FOLDER_PATH_deep\=Contents/
    export BUNDLE_EXECUTABLE_FOLDER_NAME_deep\=MacOS
    export BUNDLE_EXTENSIONS_FOLDER_PATH\=Extensions
    export BUNDLE_FORMAT\=shallow
    export BUNDLE_FRAMEWORKS_FOLDER_PATH\=Frameworks
    export BUNDLE_PLUGINS_FOLDER_PATH\=PlugIns
    export BUNDLE_PRIVATE_HEADERS_FOLDER_PATH\=PrivateHeaders
    export BUNDLE_PUBLIC_HEADERS_FOLDER_PATH\=Headers
    export CACHE_ROOT\=/var/folders/nj/vtw8zd2j31d1gdrtntc5y4600000gn/C/com.apple.DeveloperTools/16.4-16F6/Xcode
    export CCHROOT\=/var/folders/nj/vtw8zd2j31d1gdrtntc5y4600000gn/C/com.apple.DeveloperTools/16.4-16F6/Xcode
    export CHMOD\=/bin/chmod
    export CHOWN\=/usr/sbin/chown
    export CLANG_CACHE_FINE_GRAINED_OUTPUTS\=YES
    export CLANG_ENABLE_EXPLICIT_MODULES\=YES
    export CLANG_ENABLE_MODULES\=YES
    export CLANG_MODULES_BUILD_SESSION_FILE\=/var/folders/nj/vtw8zd2j31d1gdrtntc5y4600000gn/C/org.llvm.clang/ModuleCache.noindex/Session.modulevalidation
    export CLASS_FILE_DIR\=/Users/runner/work/musicdev/musicdev/build/MusicDEV.build/Debug-iphonesimulator/MusicDEV.build/JavaClasses
    export CLEAN_PRECOMPS\=YES
    export CLONE_HEADERS\=NO
    export CODESIGNING_FOLDER_PATH\=/Users/runner/work/musicdev/musicdev/build/Debug-iphonesimulator/MusicDEV.app
    export CODE_SIGNING_ALLOWED\=NO
    export CODE_SIGNING_REQUIRED\=YES
    export CODE_SIGN_CONTEXT_CLASS\=XCiPhoneSimulatorCodeSignContext
    export CODE_SIGN_IDENTITY\=-
    export CODE_SIGN_INJECT_BASE_ENTITLEMENTS\=YES
    export CODE_SIGN_STYLE\=Automatic
    export COLOR_DIAGNOSTICS\=NO
    export COMBINE_HIDPI_IMAGES\=NO
    export COMPILATION_CACHE_CAS_PATH\=/var/folders/nj/vtw8zd2j31d1gdrtntc5y4600000gn/C/com.apple.DeveloperTools/16.4-16F6/Xcode/CompilationCache.noindex
    export COMPILATION_CACHE_KEEP_CAS_DIRECTORY\=YES
    export COMPILER_INDEX_STORE_ENABLE\=Default
    export COMPOSITE_SDK_DIRS\=/Users/runner/work/musicdev/musicdev/build/CompositeSDKs
    export COMPRESS_PNG_FILES\=YES
    export CONFIGURATION\=Debug
    export CONFIGURATION_BUILD_DIR\=/Users/runner/work/musicdev/musicdev/build/Debug-iphonesimulator
    export CONFIGURATION_TEMP_DIR\=/Users/runner/work/musicdev/musicdev/build/MusicDEV.build/Debug-iphonesimulator
    export CONTENTS_FOLDER_PATH\=MusicDEV.app
    export CONTENTS_FOLDER_PATH_SHALLOW_BUNDLE_NO\=MusicDEV.app/Contents
    export CONTENTS_FOLDER_PATH_SHALLOW_BUNDLE_YES\=MusicDEV.app
    export COPYING_PRESERVES_HFS_DATA\=NO
    export COPY_HEADERS_RUN_UNIFDEF\=NO
    export COPY_PHASE_STRIP\=YES
    export CORRESPONDING_DEVICE_PLATFORM_DIR\=/Applications/Xcode_16.4.app/Contents/Developer/Platforms/iPhoneOS.platform
    export CORRESPONDING_DEVICE_PLATFORM_NAME\=iphoneos
    export CORRESPONDING_DEVICE_SDK_DIR\=/Applications/Xcode_16.4.app/Contents/Developer/Platforms/iPhoneOS.platform/Developer/SDKs/iPhoneOS18.5.sdk
    export CORRESPONDING_DEVICE_SDK_NAME\=iphoneos18.5
    export CP\=/bin/cp
    export CREATE_INFOPLIST_SECTION_IN_BINARY\=NO
    export CURRENT_ARCH\=undefined_arch
    export CURRENT_PROJECT_VERSION\=1
    export CURRENT_VARIANT\=normal
    export DEAD_CODE_STRIPPING\=YES
    export DEBUGGING_SYMBOLS\=YES
    export DEBUG_INFORMATION_FORMAT\=dwarf
    export DEBUG_INFORMATION_VERSION\=compiler-default
    export DEFAULT_COMPILER\=com.apple.compilers.llvm.clang.1_0
    export DEFAULT_DEXT_INSTALL_PATH\=/System/Library/DriverExtensions
    export DEFAULT_KEXT_INSTALL_PATH\=/System/Library/Extensions
    export DEFINES_MODULE\=NO
    export DEPLOYMENT_LOCATION\=NO
    export DEPLOYMENT_POSTPROCESSING\=NO
    export DEPLOYMENT_TARGET_SETTING_NAME\=IPHONEOS_DEPLOYMENT_TARGET
    export DEPLOYMENT_TARGET_SUGGESTED_VALUES\=12.0\ 12.1\ 12.2\ 12.3\ 12.4\ 13.0\ 13.1\ 13.2\ 13.3\ 13.4\ 13.5\ 13.6\ 14.0\ 14.1\ 14.2\ 14.3\ 14.4\ 14.5\ 14.6\ 14.7\ 15.0\ 15.1\ 15.2\ 15.3\ 15.4\ 15.5\ 15.6\ 16.0\ 16.1\ 16.2\ 16.3\ 16.4\ 16.5\ 16.6\ 17.0\ 17.1\ 17.2\ 17.3\ 17.4\ 17.5\ 17.6\ 18.0\ 18.1\ 18.2\ 18.3\ 18.4\ 18.5
    export DERIVED_FILES_DIR\=/Users/runner/work/musicdev/musicdev/build/MusicDEV.build/Debug-iphonesimulator/MusicDEV.build/DerivedSources
    export DERIVED_FILE_DIR\=/Users/runner/work/musicdev/musicdev/build/MusicDEV.build/Debug-iphonesimulator/MusicDEV.build/DerivedSources
    export DERIVED_SOURCES_DIR\=/Users/runner/work/musicdev/musicdev/build/MusicDEV.build/Debug-iphonesimulator/MusicDEV.build/DerivedSources
    export DEVELOPER_APPLICATIONS_DIR\=/Applications/Xcode_16.4.app/Contents/Developer/Applications
    export DEVELOPER_BIN_DIR\=/Applications/Xcode_16.4.app/Contents/Developer/usr/bin
    export DEVELOPER_DIR\=/Applications/Xcode_16.4.app/Contents/Developer
    export DEVELOPER_FRAMEWORKS_DIR\=/Applications/Xcode_16.4.app/Contents/Developer/Library/Frameworks
    export DEVELOPER_FRAMEWORKS_DIR_QUOTED\=/Applications/Xcode_16.4.app/Contents/Developer/Library/Frameworks
    export DEVELOPER_LIBRARY_DIR\=/Applications/Xcode_16.4.app/Contents/Developer/Library
    export DEVELOPER_SDK_DIR\=/Applications/Xcode_16.4.app/Contents/Developer/Platforms/MacOSX.platform/Developer/SDKs
    export DEVELOPER_TOOLS_DIR\=/Applications/Xcode_16.4.app/Contents/Developer/Tools
    export DEVELOPER_USR_DIR\=/Applications/Xcode_16.4.app/Contents/Developer/usr
    export DEVELOPMENT_LANGUAGE\=fr
    export DIAGNOSE_MISSING_TARGET_DEPENDENCIES\=YES
    export DIFF\=/usr/bin/diff
    export DOCUMENTATION_FOLDER_PATH\=MusicDEV.app/fr.lproj/Documentation
    export DONT_GENERATE_INFOPLIST_FILE\=NO
    export DSTROOT\=/tmp/MusicDEV.dst
    export DT_TOOLCHAIN_DIR\=/Applications/Xcode_16.4.app/Contents/Developer/Toolchains/XcodeDefault.xctoolchain
    export DWARF_DSYM_FILE_NAME\=MusicDEV.app.dSYM
    export DWARF_DSYM_FILE_SHOULD_ACCOMPANY_PRODUCT\=NO
    export DWARF_DSYM_FOLDER_PATH\=/Users/runner/work/musicdev/musicdev/build/Debug-iphonesimulator
    export DYNAMIC_LIBRARY_EXTENSION\=dylib
    export EAGER_COMPILATION_ALLOW_SCRIPTS\=NO
    export EAGER_LINKING\=NO
    export EFFECTIVE_PLATFORM_NAME\=-iphonesimulator
    export EMBEDDED_CONTENT_CONTAINS_SWIFT\=NO
    export EMBED_ASSET_PACKS_IN_PRODUCT_BUNDLE\=NO
    export ENABLE_APP_SANDBOX\=NO
    export ENABLE_BITCODE\=NO
    export ENABLE_CODE_COVERAGE\=YES
    export ENABLE_DEBUG_DYLIB\=YES
    export ENABLE_DEFAULT_HEADER_SEARCH_PATHS\=YES
    export ENABLE_DEFAULT_SEARCH_PATHS\=YES
    export ENABLE_HARDENED_RUNTIME\=NO
    export ENABLE_HEADER_DEPENDENCIES\=YES
    export ENABLE_INCOMING_NETWORK_CONNECTIONS\=NO
    export ENABLE_ON_DEMAND_RESOURCES\=YES
    export ENABLE_OUTGOING_NETWORK_CONNECTIONS\=NO
    export ENABLE_PREVIEWS\=NO
    export ENABLE_RESOURCE_ACCESS_AUDIO_INPUT\=NO
    export ENABLE_RESOURCE_ACCESS_BLUETOOTH\=NO
    export ENABLE_RESOURCE_ACCESS_CALENDARS\=NO
    export ENABLE_RESOURCE_ACCESS_CAMERA\=NO
    export ENABLE_RESOURCE_ACCESS_CONTACTS\=NO
    export ENABLE_RESOURCE_ACCESS_LOCATION\=NO
    export ENABLE_RESOURCE_ACCESS_PRINTING\=NO
    export ENABLE_RESOURCE_ACCESS_USB\=NO
    export ENABLE_SDK_IMPORTS\=NO
    export ENABLE_TESTABILITY\=YES
    export ENABLE_TESTING_SEARCH_PATHS\=NO
    export ENABLE_USER_SCRIPT_SANDBOXING\=NO
    export ENABLE_XOJIT_PREVIEWS\=NO
    export ENFORCE_VALID_ARCHS\=YES
    export ENTITLEMENTS_ALLOWED\=NO
    export ENTITLEMENTS_DESTINATION\=__entitlements
    export ENTITLEMENTS_REQUIRED\=NO
    export EXCLUDED_INSTALLSRC_SUBDIRECTORY_PATTERNS\=.DS_Store\ .svn\ .git\ .hg\ CVS
    export EXCLUDED_RECURSIVE_SEARCH_PATH_SUBDIRECTORIES\=\*.nib\ \*.lproj\ \*.framework\ \*.gch\ \*.xcode\*\ \*.xcassets\ \(\*\)\ .DS_Store\ CVS\ .svn\ .git\ .hg\ \*.pbproj\ \*.pbxproj
    export EXECUTABLES_FOLDER_PATH\=MusicDEV.app/Executables
    export EXECUTABLE_FOLDER_PATH\=MusicDEV.app
    export EXECUTABLE_FOLDER_PATH_SHALLOW_BUNDLE_NO\=MusicDEV.app/MacOS
    export EXECUTABLE_FOLDER_PATH_SHALLOW_BUNDLE_YES\=MusicDEV.app
    export EXECUTABLE_NAME\=MusicDEV
    export EXECUTABLE_PATH\=MusicDEV.app/MusicDEV
    export EXTENSIONS_FOLDER_PATH\=MusicDEV.app/Extensions
    export FILE_LIST\=/Users/runner/work/musicdev/musicdev/build/MusicDEV.build/Debug-iphonesimulator/MusicDEV.build/Objects/LinkFileList
    export FIXED_FILES_DIR\=/Users/runner/work/musicdev/musicdev/build/MusicDEV.build/Debug-iphonesimulator/MusicDEV.build/FixedFiles
    export FRAMEWORKS_FOLDER_PATH\=MusicDEV.app/Frameworks
    export FRAMEWORK_FLAG_PREFIX\=-framework
    export FRAMEWORK_SEARCH_PATHS\=/Users/runner/work/musicdev/musicdev/build/Debug-iphonesimulator\ 
    export FRAMEWORK_VERSION\=A
    export FULL_PRODUCT_NAME\=MusicDEV.app
    export FUSE_BUILD_PHASES\=YES
    export FUSE_BUILD_SCRIPT_PHASES\=NO
    export GCC3_VERSION\=3.3
    export GCC_DYNAMIC_NO_PIC\=NO
    export GCC_INLINES_ARE_PRIVATE_EXTERN\=YES
    export GCC_OBJC_LEGACY_DISPATCH\=YES
    export GCC_OPTIMIZATION_LEVEL\=0
    export GCC_PFE_FILE_C_DIALECTS\=c\ objective-c\ c++\ objective-c++
    export GCC_SYMBOLS_PRIVATE_EXTERN\=NO
    export GCC_TREAT_WARNINGS_AS_ERRORS\=NO
    export GCC_VERSION\=com.apple.compilers.llvm.clang.1_0
    export GCC_VERSION_IDENTIFIER\=com_apple_compilers_llvm_clang_1_0
    export GCC_WARN_64_TO_32_BIT_CONVERSION\=NO
    export GENERATED_MODULEMAP_DIR\=/Users/runner/work/musicdev/musicdev/build/GeneratedModuleMaps-iphonesimulator
    export GENERATE_INFOPLIST_FILE\=NO
    export GENERATE_INTERMEDIATE_TEXT_BASED_STUBS\=YES
    export GENERATE_MASTER_OBJECT_FILE\=NO
    export GENERATE_PKGINFO_FILE\=YES
    export GENERATE_PROFILING_CODE\=NO
    export GENERATE_TEXT_BASED_STUBS\=NO
    export GID\=20
    export GROUP\=staff
    export HEADERMAP_INCLUDES_FLAT_ENTRIES_FOR_TARGET_BEING_BUILT\=YES
    export HEADERMAP_INCLUDES_FRAMEWORK_ENTRIES_FOR_ALL_PRODUCT_TYPES\=YES
    export HEADERMAP_INCLUDES_FRAMEWORK_ENTRIES_FOR_TARGETS_NOT_BEING_BUILT\=YES
    export HEADERMAP_INCLUDES_NONPUBLIC_NONPRIVATE_HEADERS\=YES
    export HEADERMAP_INCLUDES_PROJECT_HEADERS\=YES
    export HEADERMAP_USES_FRAMEWORK_PREFIX_ENTRIES\=YES
    export HEADERMAP_USES_VFS\=NO
    export HEADER_SEARCH_PATHS\=/Users/runner/work/musicdev/musicdev/build/Debug-iphonesimulator/include\ 
    export HIDE_BITCODE_SYMBOLS\=YES
    export HOME\=/Users/runner
    export HOST_ARCH\=arm64
    export HOST_PLATFORM\=macosx
    export ICONV\=/usr/bin/iconv
    export IMPLICIT_DEPENDENCY_DOMAIN\=default
    export INFOPLIST_ENABLE_CFBUNDLEICONS_MERGE\=YES
    export INFOPLIST_EXPAND_BUILD_SETTINGS\=YES
    export INFOPLIST_FILE\=MusicDEV/Info.plist
    export INFOPLIST_OUTPUT_FORMAT\=binary
    export INFOPLIST_PATH\=MusicDEV.app/Info.plist
    export INFOPLIST_PREPROCESS\=NO
    export INFOSTRINGS_PATH\=MusicDEV.app/fr.lproj/InfoPlist.strings
    export INLINE_PRIVATE_FRAMEWORKS\=NO
    export INSTALLAPI_IGNORE_SKIP_INSTALL\=YES
    export INSTALLHDRS_COPY_PHASE\=NO
    export INSTALLHDRS_SCRIPT_PHASE\=NO
    export INSTALL_DIR\=/tmp/MusicDEV.dst/Applications
    export INSTALL_GROUP\=staff
    export INSTALL_MODE_FLAG\=u+w,go-w,a+rX
    export INSTALL_OWNER\=runner
    export INSTALL_PATH\=/Applications
    export INSTALL_ROOT\=/tmp/MusicDEV.dst
    export IPHONEOS_DEPLOYMENT_TARGET\=15.0
    export IS_UNOPTIMIZED_BUILD\=YES
    export JAVAC_DEFAULT_FLAGS\=-J-Xms64m\ -J-XX:NewSize\=4M\ -J-Dfile.encoding\=UTF8
    export JAVA_APP_STUB\=/System/Library/Frameworks/JavaVM.framework/Resources/MacOS/JavaApplicationStub
    export JAVA_ARCHIVE_CLASSES\=YES
    export JAVA_ARCHIVE_TYPE\=JAR
    export JAVA_COMPILER\=/usr/bin/javac
    export JAVA_FOLDER_PATH\=MusicDEV.app/Java
    export JAVA_FRAMEWORK_RESOURCES_DIRS\=Resources
    export JAVA_JAR_FLAGS\=cv
    export JAVA_SOURCE_SUBDIR\=.
    export JAVA_USE_DEPENDENCIES\=YES
    export JAVA_ZIP_FLAGS\=-urg
    export JIKES_DEFAULT_FLAGS\=+E\ +OLDCSO
    export KEEP_PRIVATE_EXTERNS\=NO
    export LD_DEPENDENCY_INFO_FILE\=/Users/runner/work/musicdev/musicdev/build/MusicDEV.build/Debug-iphonesimulator/MusicDEV.build/Objects-normal/undefined_arch/MusicDEV_dependency_info.dat
    export LD_EXPORT_SYMBOLS\=YES
    export LD_GENERATE_MAP_FILE\=NO
    export LD_MAP_FILE_PATH\=/Users/runner/work/musicdev/musicdev/build/MusicDEV.build/Debug-iphonesimulator/MusicDEV.build/MusicDEV-LinkMap-normal-undefined_arch.txt
    export LD_NO_PIE\=NO
    export LD_QUOTE_LINKER_ARGUMENTS_FOR_COMPILER_DRIVER\=YES
    export LD_RUNPATH_SEARCH_PATHS\=\ @executable_path/Frameworks
    export LD_RUNPATH_SEARCH_PATHS_YES\=@loader_path/../Frameworks
    export LD_SHARED_CACHE_ELIGIBLE\=Automatic
    export LD_WARN_DUPLICATE_LIBRARIES\=NO
    export LD_WARN_UNUSED_DYLIBS\=NO
    export LEGACY_DEVELOPER_DIR\=/Applications/Xcode_16.4.app/Contents/PlugIns/Xcode3Core.ideplugin/Contents/SharedSupport/Developer
    export LEX\=lex
    export LIBRARY_DEXT_INSTALL_PATH\=/Library/DriverExtensions
    export LIBRARY_FLAG_NOSPACE\=YES
    export LIBRARY_FLAG_PREFIX\=-l
    export LIBRARY_KEXT_INSTALL_PATH\=/Library/Extensions
    export LIBRARY_SEARCH_PATHS\=/Users/runner/work/musicdev/musicdev/build/Debug-iphonesimulator\ 
    export LINKER_DISPLAYS_MANGLED_NAMES\=NO
    export LINK_FILE_LIST_normal_arm64\=/Users/runner/work/musicdev/musicdev/build/MusicDEV.build/Debug-iphonesimulator/MusicDEV.build/Objects-normal/arm64/MusicDEV.LinkFileList
    export LINK_FILE_LIST_normal_x86_64\=/Users/runner/work/musicdev/musicdev/build/MusicDEV.build/Debug-iphonesimulator/MusicDEV.build/Objects-normal/x86_64/MusicDEV.LinkFileList
    export LINK_OBJC_RUNTIME\=YES
    export LINK_WITH_STANDARD_LIBRARIES\=YES
    export LLVM_TARGET_TRIPLE_OS_VERSION\=ios15.0
    export LLVM_TARGET_TRIPLE_SUFFIX\=-simulator
    export LLVM_TARGET_TRIPLE_VENDOR\=apple
    export LM_AUX_CONST_METADATA_LIST_PATH_normal_arm64\=/Users/runner/work/musicdev/musicdev/build/MusicDEV.build/Debug-iphonesimulator/MusicDEV.build/Objects-normal/arm64/MusicDEV.SwiftConstValuesFileList
    export LM_AUX_CONST_METADATA_LIST_PATH_normal_x86_64\=/Users/runner/work/musicdev/musicdev/build/MusicDEV.build/Debug-iphonesimulator/MusicDEV.build/Objects-normal/x86_64/MusicDEV.SwiftConstValuesFileList
    export LOCALIZATION_EXPORT_SUPPORTED\=YES
    export LOCALIZATION_PREFERS_STRING_CATALOGS\=NO
    export LOCALIZED_RESOURCES_FOLDER_PATH\=MusicDEV.app/fr.lproj
    export LOCALIZED_STRING_MACRO_NAMES\=NSLocalizedString\ CFCopyLocalizedString
    export LOCALIZED_STRING_SWIFTUI_SUPPORT\=YES
    export LOCAL_ADMIN_APPS_DIR\=/Applications/Utilities
    export LOCAL_APPS_DIR\=/Applications
    export LOCAL_DEVELOPER_DIR\=/Library/Developer
    export LOCAL_LIBRARY_DIR\=/Library
    export LOCROOT\=/Users/runner/work/musicdev/musicdev/ios
    export LOCSYMROOT\=/Users/runner/work/musicdev/musicdev/ios
    export MACH_O_TYPE\=mh_execute
    export MAC_OS_X_PRODUCT_BUILD_VERSION\=24G830
    export MAC_OS_X_VERSION_ACTUAL\=150709
    export MAC_OS_X_VERSION_MAJOR\=150000
    export MAC_OS_X_VERSION_MINOR\=150700
    export MAKE_MERGEABLE\=NO
    export MARKETING_VERSION\=1.4
    export MERGEABLE_LIBRARY\=NO
    export MERGED_BINARY_TYPE\=none
    export MERGE_LINKED_LIBRARIES\=NO
    export METAL_LIBRARY_FILE_BASE\=default
    export METAL_LIBRARY_OUTPUT_DIR\=/Users/runner/work/musicdev/musicdev/build/Debug-iphonesimulator/MusicDEV.app
    export MODULES_FOLDER_PATH\=MusicDEV.app/Modules
    export NATIVE_ARCH\=arm64
    export NATIVE_ARCH_32_BIT\=arm
    export NATIVE_ARCH_64_BIT\=arm64
    export NATIVE_ARCH_ACTUAL\=arm64
    export NO_COMMON\=YES
    export OBJC_ABI_VERSION\=2
    export OBJECT_FILE_DIR\=/Users/runner/work/musicdev/musicdev/build/MusicDEV.build/Debug-iphonesimulator/MusicDEV.build/Objects
    export OBJECT_FILE_DIR_normal\=/Users/runner/work/musicdev/musicdev/build/MusicDEV.build/Debug-iphonesimulator/MusicDEV.build/Objects-normal
    export OBJROOT\=/Users/runner/work/musicdev/musicdev/build
    export ONLY_ACTIVE_ARCH\=YES
    export OS\=MACOS
    export OSAC\=/usr/bin/osacompile
    export PACKAGE_TYPE\=com.apple.package-type.wrapper.application
    export PASCAL_STRINGS\=YES
    export PATH\=/Applications/Xcode_16.4.app/Contents/SharedFrameworks/SwiftBuild.framework/Versions/A/PlugIns/SWBBuildService.bundle/Contents/PlugIns/SWBUniversalPlatformPlugin.bundle/Contents/Frameworks/SWBUniversalPlatform.framework/Resources:/Applications/Xcode_16.4.app/Contents/Developer/Toolchains/XcodeDefault.xctoolchain/usr/bin:/Applications/Xcode_16.4.app/Contents/Developer/Toolchains/XcodeDefault.xctoolchain/usr/local/bin:/Applications/Xcode_16.4.app/Contents/Developer/Toolchains/XcodeDefault.xctoolchain/usr/libexec:/Applications/Xcode_16.4.app/Contents/Developer/Platforms/iPhoneSimulator.platform/usr/bin:/Applications/Xcode_16.4.app/Contents/Developer/Platforms/iPhoneSimulator.platform/usr/local/bin:/Applications/Xcode_16.4.app/Contents/Developer/Platforms/iPhoneSimulator.platform/Developer/usr/bin:/Applications/Xcode_16.4.app/Contents/Developer/Platforms/iPhoneSimulator.platform/Developer/usr/local/bin:/Applications/Xcode_16.4.app/Contents/Developer/usr/bin:/Applications/Xcode_16.4.app/Contents/Developer/usr/local/bin:/opt/homebrew/lib/ruby/gems/3.3.0/bin:/opt/homebrew/opt/ruby@3.3/bin:/Users/runner/.local/bin:/opt/homebrew/bin:/opt/homebrew/sbin:/Users/runner/.cargo/bin:/usr/local/opt/curl/bin:/usr/local/bin:/usr/local/sbin:/Users/runner/bin:/Users/runner/.yarn/bin:/Users/runner/Library/Android/sdk/tools:/Users/runner/Library/Android/sdk/platform-tools:/Library/Frameworks/Python.framework/Versions/Current/bin:/Library/Frameworks/Mono.framework/Versions/Current/Commands:/usr/bin:/bin:/usr/sbin:/sbin:/Users/runner/.dotnet/tools
    export PATH_PREFIXES_EXCLUDED_FROM_HEADER_DEPENDENCIES\=/usr/include\ /usr/local/include\ /System/Library/Frameworks\ /System/Library/PrivateFrameworks\ /Applications/Xcode_16.4.app/Contents/Developer/Headers\ /Applications/Xcode_16.4.app/Contents/Developer/SDKs\ /Applications/Xcode_16.4.app/Contents/Developer/Platforms
    export PBDEVELOPMENTPLIST_PATH\=MusicDEV.app/pbdevelopment.plist
    export PER_ARCH_MODULE_FILE_DIR\=/Users/runner/work/musicdev/musicdev/build/MusicDEV.build/Debug-iphonesimulator/MusicDEV.build/Objects-normal/undefined_arch
    export PER_ARCH_OBJECT_FILE_DIR\=/Users/runner/work/musicdev/musicdev/build/MusicDEV.build/Debug-iphonesimulator/MusicDEV.build/Objects-normal/undefined_arch
    export PER_VARIANT_OBJECT_FILE_DIR\=/Users/runner/work/musicdev/musicdev/build/MusicDEV.build/Debug-iphonesimulator/MusicDEV.build/Objects-normal
    export PKGINFO_FILE_PATH\=/Users/runner/work/musicdev/musicdev/build/MusicDEV.build/Debug-iphonesimulator/MusicDEV.build/PkgInfo
    export PKGINFO_PATH\=MusicDEV.app/PkgInfo
    export PLATFORM_DEVELOPER_APPLICATIONS_DIR\=/Applications/Xcode_16.4.app/Contents/Developer/Platforms/iPhoneSimulator.platform/Developer/Applications
    export PLATFORM_DEVELOPER_BIN_DIR\=/Applications/Xcode_16.4.app/Contents/Developer/Platforms/iPhoneSimulator.platform/Developer/usr/bin
    export PLATFORM_DEVELOPER_LIBRARY_DIR\=/Applications/Xcode_16.4.app/Contents/Developer/Platforms/iPhoneSimulator.platform/Developer/Library
    export PLATFORM_DEVELOPER_SDK_DIR\=/Applications/Xcode_16.4.app/Contents/Developer/Platforms/iPhoneSimulator.platform/Developer/SDKs
    export PLATFORM_DEVELOPER_TOOLS_DIR\=/Applications/Xcode_16.4.app/Contents/Developer/Platforms/iPhoneSimulator.platform/Developer/Tools
    export PLATFORM_DEVELOPER_USR_DIR\=/Applications/Xcode_16.4.app/Contents/Developer/Platforms/iPhoneSimulator.platform/Developer/usr
    export PLATFORM_DIR\=/Applications/Xcode_16.4.app/Contents/Developer/Platforms/iPhoneSimulator.platform
    export PLATFORM_DISPLAY_NAME\=iOS\ Simulator
    export PLATFORM_FAMILY_NAME\=iOS
    export PLATFORM_NAME\=iphonesimulator
    export PLATFORM_PREFERRED_ARCH\=x86_64
    export PLATFORM_PRODUCT_BUILD_VERSION\=22F76
    export PLATFORM_REQUIRES_SWIFT_AUTOLINK_EXTRACT\=NO
    export PLATFORM_REQUIRES_SWIFT_MODULEWRAP\=NO
    export PLIST_FILE_OUTPUT_FORMAT\=binary
    export PLUGINS_FOLDER_PATH\=MusicDEV.app/PlugIns
    export PRECOMPS_INCLUDE_HEADERS_FROM_BUILT_PRODUCTS_DIR\=YES
    export PRECOMP_DESTINATION_DIR\=/Users/runner/work/musicdev/musicdev/build/MusicDEV.build/Debug-iphonesimulator/MusicDEV.build/PrefixHeaders
    export PRIVATE_HEADERS_FOLDER_PATH\=MusicDEV.app/PrivateHeaders
    export PROCESSED_INFOPLIST_PATH\=/Users/runner/work/musicdev/musicdev/build/MusicDEV.build/Debug-iphonesimulator/MusicDEV.build/Objects-normal/undefined_arch/Processed-Info.plist
    export PRODUCT_BUNDLE_IDENTIFIER\=ca.tomtommusic.musicdev
    export PRODUCT_BUNDLE_PACKAGE_TYPE\=APPL
    export PRODUCT_MODULE_NAME\=MusicDEV
    export PRODUCT_NAME\=MusicDEV
    export PRODUCT_SETTINGS_PATH\=/Users/runner/work/musicdev/musicdev/ios/MusicDEV/Info.plist
    export PRODUCT_TYPE\=com.apple.product-type.application
    export PROFILING_CODE\=NO
    export PROJECT\=MusicDEV
    export PROJECT_DERIVED_FILE_DIR\=/Users/runner/work/musicdev/musicdev/build/MusicDEV.build/DerivedSources
    export PROJECT_DIR\=/Users/runner/work/musicdev/musicdev/ios
    export PROJECT_FILE_PATH\=/Users/runner/work/musicdev/musicdev/ios/MusicDEV.xcodeproj
    export PROJECT_GUID\=f707077c3f6918a98e1c963e352d964a
    export PROJECT_NAME\=MusicDEV
    export PROJECT_TEMP_DIR\=/Users/runner/work/musicdev/musicdev/build/MusicDEV.build
    export PROJECT_TEMP_ROOT\=/Users/runner/work/musicdev/musicdev/build
    export PROVISIONING_PROFILE_REQUIRED\=NO
    export PROVISIONING_PROFILE_REQUIRED_YES_YES\=YES
    export PROVISIONING_PROFILE_SUPPORTED\=YES
    export PUBLIC_HEADERS_FOLDER_PATH\=MusicDEV.app/Headers
    export RECOMMENDED_IPHONEOS_DEPLOYMENT_TARGET\=15.0
    export RECURSIVE_SEARCH_PATHS_FOLLOW_SYMLINKS\=YES
    export REMOVE_CVS_FROM_RESOURCES\=YES
    export REMOVE_GIT_FROM_RESOURCES\=YES
    export REMOVE_HEADERS_FROM_EMBEDDED_BUNDLES\=YES
    export REMOVE_HG_FROM_RESOURCES\=YES
    export REMOVE_STATIC_EXECUTABLES_FROM_EMBEDDED_BUNDLES\=YES
    export REMOVE_SVN_FROM_RESOURCES\=YES
    export RESCHEDULE_INDEPENDENT_HEADERS_PHASES\=YES
    export REZ_COLLECTOR_DIR\=/Users/runner/work/musicdev/musicdev/build/MusicDEV.build/Debug-iphonesimulator/MusicDEV.build/ResourceManagerResources
    export REZ_OBJECTS_DIR\=/Users/runner/work/musicdev/musicdev/build/MusicDEV.build/Debug-iphonesimulator/MusicDEV.build/ResourceManagerResources/Objects
    export REZ_SEARCH_PATHS\=/Users/runner/work/musicdev/musicdev/build/Debug-iphonesimulator\ 
    export SCAN_ALL_SOURCE_FILES_FOR_INCLUDES\=NO
    export SCRIPTS_FOLDER_PATH\=MusicDEV.app/Scripts
    export SCRIPT_INPUT_FILE_COUNT\=0
    export SCRIPT_INPUT_FILE_LIST_COUNT\=0
    export SCRIPT_OUTPUT_FILE_COUNT\=0
    export SCRIPT_OUTPUT_FILE_LIST_COUNT\=0
    export SDKROOT\=/Applications/Xcode_16.4.app/Contents/Developer/Platforms/iPhoneSimulator.platform/Developer/SDKs/iPhoneSimulator18.5.sdk
    export SDK_DIR\=/Applications/Xcode_16.4.app/Contents/Developer/Platforms/iPhoneSimulator.platform/Developer/SDKs/iPhoneSimulator18.5.sdk
    export SDK_DIR_iphonesimulator\=/Applications/Xcode_16.4.app/Contents/Developer/Platforms/iPhoneSimulator.platform/Developer/SDKs/iPhoneSimulator18.5.sdk
    export SDK_DIR_iphonesimulator18_5\=/Applications/Xcode_16.4.app/Contents/Developer/Platforms/iPhoneSimulator.platform/Developer/SDKs/iPhoneSimulator18.5.sdk
    export SDK_NAME\=iphonesimulator18.5
    export SDK_NAMES\=iphonesimulator18.5
    export SDK_PRODUCT_BUILD_VERSION\=22F76
    export SDK_STAT_CACHE_DIR\=/var/folders/nj/vtw8zd2j31d1gdrtntc5y4600000gn/C/com.apple.DeveloperTools/16.4-16F6/Xcode
    export SDK_STAT_CACHE_ENABLE\=YES
    export SDK_STAT_CACHE_PATH\=/var/folders/nj/vtw8zd2j31d1gdrtntc5y4600000gn/C/com.apple.DeveloperTools/16.4-16F6/Xcode/SDKStatCaches.noindex/iphonesimulator18.5-22F76-96ae0914227b19deccb34b33ba7b5dea.sdkstatcache
    export SDK_VERSION\=18.5
    export SDK_VERSION_ACTUAL\=180500
    export SDK_VERSION_MAJOR\=180000
    export SDK_VERSION_MINOR\=180500
    export SED\=/usr/bin/sed
    export SEPARATE_STRIP\=NO
    export SEPARATE_SYMBOL_EDIT\=NO
    export SET_DIR_MODE_OWNER_GROUP\=YES
    export SET_FILE_MODE_OWNER_GROUP\=NO
    export SHALLOW_BUNDLE\=YES
    export SHALLOW_BUNDLE_TRIPLE\=ios-simulator
    export SHALLOW_BUNDLE_ios_macabi\=NO
    export SHALLOW_BUNDLE_macos\=NO
    export SHARED_DERIVED_FILE_DIR\=/Users/runner/work/musicdev/musicdev/build/Debug-iphonesimulator/DerivedSources
    export SHARED_FRAMEWORKS_FOLDER_PATH\=MusicDEV.app/SharedFrameworks
    export SHARED_PRECOMPS_DIR\=/Users/runner/work/musicdev/musicdev/build/SharedPrecompiledHeaders
    export SHARED_SUPPORT_FOLDER_PATH\=MusicDEV.app/SharedSupport
    export SKIP_INSTALL\=NO
    export SOURCE_ROOT\=/Users/runner/work/musicdev/musicdev/ios
    export SRCROOT\=/Users/runner/work/musicdev/musicdev/ios
    export STRINGSDATA_DIR\=/Users/runner/work/musicdev/musicdev/build/MusicDEV.build/Debug-iphonesimulator/MusicDEV.build/Objects-normal/undefined_arch
    export STRINGSDATA_ROOT\=/Users/runner/work/musicdev/musicdev/build/MusicDEV.build/Debug-iphonesimulator/MusicDEV.build
    export STRINGS_FILE_INFOPLIST_RENAME\=YES
    export STRINGS_FILE_OUTPUT_ENCODING\=binary
    export STRIP_BITCODE_FROM_COPIED_FILES\=NO
    export STRIP_INSTALLED_PRODUCT\=NO
    export STRIP_STYLE\=all
    export STRIP_SWIFT_SYMBOLS\=YES
    export SUPPORTED_DEVICE_FAMILIES\=1,2
    export SUPPORTED_PLATFORMS\=iphoneos\ iphonesimulator
    export SUPPORTS_MACCATALYST\=NO
    export SUPPORTS_ON_DEMAND_RESOURCES\=YES
    export SUPPORTS_TEXT_BASED_API\=NO
    export SUPPRESS_WARNINGS\=NO
    export SWIFT_ACTIVE_COMPILATION_CONDITIONS\=DEBUG
    export SWIFT_EMIT_LOC_STRINGS\=NO
    export SWIFT_OPTIMIZATION_LEVEL\=-Onone
    export SWIFT_PLATFORM_TARGET_PREFIX\=ios
    export SWIFT_RESPONSE_FILE_PATH_normal_arm64\=/Users/runner/work/musicdev/musicdev/build/MusicDEV.build/Debug-iphonesimulator/MusicDEV.build/Objects-normal/arm64/MusicDEV.SwiftFileList
    export SWIFT_RESPONSE_FILE_PATH_normal_x86_64\=/Users/runner/work/musicdev/musicdev/build/MusicDEV.build/Debug-iphonesimulator/MusicDEV.build/Objects-normal/x86_64/MusicDEV.SwiftFileList
    export SWIFT_VERSION\=5.0
    export SYMROOT\=/Users/runner/work/musicdev/musicdev/build
    export SYSTEM_ADMIN_APPS_DIR\=/Applications/Utilities
    export SYSTEM_APPS_DIR\=/Applications
    export SYSTEM_CORE_SERVICES_DIR\=/System/Library/CoreServices
    export SYSTEM_DEMOS_DIR\=/Applications/Extras
    export SYSTEM_DEVELOPER_APPS_DIR\=/Applications/Xcode_16.4.app/Contents/Developer/Applications
    export SYSTEM_DEVELOPER_BIN_DIR\=/Applications/Xcode_16.4.app/Contents/Developer/usr/bin
    export SYSTEM_DEVELOPER_DEMOS_DIR\=/Applications/Xcode_16.4.app/Contents/Developer/Applications/Utilities/Built\ Examples
    export SYSTEM_DEVELOPER_DIR\=/Applications/Xcode_16.4.app/Contents/Developer
    export SYSTEM_DEVELOPER_DOC_DIR\=/Applications/Xcode_16.4.app/Contents/Developer/ADC\ Reference\ Library
    export SYSTEM_DEVELOPER_GRAPHICS_TOOLS_DIR\=/Applications/Xcode_16.4.app/Contents/Developer/Applications/Graphics\ Tools
    export SYSTEM_DEVELOPER_JAVA_TOOLS_DIR\=/Applications/Xcode_16.4.app/Contents/Developer/Applications/Java\ Tools
    export SYSTEM_DEVELOPER_PERFORMANCE_TOOLS_DIR\=/Applications/Xcode_16.4.app/Contents/Developer/Applications/Performance\ Tools
    export SYSTEM_DEVELOPER_RELEASENOTES_DIR\=/Applications/Xcode_16.4.app/Contents/Developer/ADC\ Reference\ Library/releasenotes
    export SYSTEM_DEVELOPER_TOOLS\=/Applications/Xcode_16.4.app/Contents/Developer/Tools
    export SYSTEM_DEVELOPER_TOOLS_DOC_DIR\=/Applications/Xcode_16.4.app/Contents/Developer/ADC\ Reference\ Library/documentation/DeveloperTools
    export SYSTEM_DEVELOPER_TOOLS_RELEASENOTES_DIR\=/Applications/Xcode_16.4.app/Contents/Developer/ADC\ Reference\ Library/releasenotes/DeveloperTools
    export SYSTEM_DEVELOPER_USR_DIR\=/Applications/Xcode_16.4.app/Contents/Developer/usr
    export SYSTEM_DEVELOPER_UTILITIES_DIR\=/Applications/Xcode_16.4.app/Contents/Developer/Applications/Utilities
    export SYSTEM_DEXT_INSTALL_PATH\=/System/Library/DriverExtensions
    export SYSTEM_DOCUMENTATION_DIR\=/Library/Documentation
    export SYSTEM_EXTENSIONS_FOLDER_PATH\=MusicDEV.app/SystemExtensions
    export SYSTEM_EXTENSIONS_FOLDER_PATH_SHALLOW_BUNDLE_NO\=MusicDEV.app/Library/SystemExtensions
    export SYSTEM_EXTENSIONS_FOLDER_PATH_SHALLOW_BUNDLE_YES\=MusicDEV.app/SystemExtensions
    export SYSTEM_KEXT_INSTALL_PATH\=/System/Library/Extensions
    export SYSTEM_LIBRARY_DIR\=/System/Library
    export TAPI_DEMANGLE\=YES
    export TAPI_ENABLE_PROJECT_HEADERS\=NO
    export TAPI_LANGUAGE\=objective-c
    export TAPI_LANGUAGE_STANDARD\=compiler-default
    export TAPI_USE_SRCROOT\=YES
    export TAPI_VERIFY_MODE\=Pedantic
    export TARGETED_DEVICE_FAMILY\=1,2
    export TARGETNAME\=MusicDEV
    export TARGET_BUILD_DIR\=/Users/runner/work/musicdev/musicdev/build/Debug-iphonesimulator
    export TARGET_NAME\=MusicDEV
    export TARGET_TEMP_DIR\=/Users/runner/work/musicdev/musicdev/build/MusicDEV.build/Debug-iphonesimulator/MusicDEV.build
    export TEMP_DIR\=/Users/runner/work/musicdev/musicdev/build/MusicDEV.build/Debug-iphonesimulator/MusicDEV.build
    export TEMP_FILES_DIR\=/Users/runner/work/musicdev/musicdev/build/MusicDEV.build/Debug-iphonesimulator/MusicDEV.build
    export TEMP_FILE_DIR\=/Users/runner/work/musicdev/musicdev/build/MusicDEV.build/Debug-iphonesimulator/MusicDEV.build
    export TEMP_ROOT\=/Users/runner/work/musicdev/musicdev/build
    export TEMP_SANDBOX_DIR\=/Users/runner/work/musicdev/musicdev/build/TemporaryTaskSandboxes
    export TEST_FRAMEWORK_SEARCH_PATHS\=\ /Applications/Xcode_16.4.app/Contents/Developer/Platforms/iPhoneSimulator.platform/Developer/Library/Frameworks\ /Applications/Xcode_16.4.app/Contents/Developer/Platforms/iPhoneSimulator.platform/Developer/SDKs/iPhoneSimulator18.5.sdk/Developer/Library/Frameworks
    export TEST_LIBRARY_SEARCH_PATHS\=\ /Applications/Xcode_16.4.app/Contents/Developer/Platforms/iPhoneSimulator.platform/Developer/usr/lib
    export TOOLCHAINS\=com.apple.dt.toolchain.XcodeDefault
    export TOOLCHAIN_DIR\=/Applications/Xcode_16.4.app/Contents/Developer/Toolchains/XcodeDefault.xctoolchain
    export TREAT_MISSING_BASELINES_AS_TEST_FAILURES\=NO
    export TREAT_MISSING_SCRIPT_PHASE_OUTPUTS_AS_ERRORS\=NO
    export UID\=501
    export UNINSTALLED_PRODUCTS_DIR\=/Users/runner/work/musicdev/musicdev/build/UninstalledProducts
    export UNLOCALIZED_RESOURCES_FOLDER_PATH\=MusicDEV.app
    export UNLOCALIZED_RESOURCES_FOLDER_PATH_SHALLOW_BUNDLE_NO\=MusicDEV.app/Resources
    export UNLOCALIZED_RESOURCES_FOLDER_PATH_SHALLOW_BUNDLE_YES\=MusicDEV.app
    export UNSTRIPPED_PRODUCT\=NO
    export USER\=runner
    export USER_APPS_DIR\=/Users/runner/Applications
    export USER_LIBRARY_DIR\=/Users/runner/Library
    export USE_DYNAMIC_NO_PIC\=YES
    export USE_HEADERMAP\=YES
    export USE_HEADER_SYMLINKS\=NO
    export VALIDATE_DEVELOPMENT_ASSET_PATHS\=YES_ERROR
    export VALIDATE_PRODUCT\=NO
    export VALID_ARCHS\=arm64\ arm64e\ x86_64
    export VERBOSE_PBXCP\=NO
    export VERSIONPLIST_PATH\=MusicDEV.app/version.plist
    export VERSION_INFO_BUILDER\=runner
    export VERSION_INFO_FILE\=MusicDEV_vers.c
    export VERSION_INFO_STRING\=\"@\(\#\)PROGRAM:MusicDEV\ \ PROJECT:MusicDEV-1\"
    export WORKSPACE_DIR\=/Users/runner/work/musicdev/musicdev/ios/MusicDEV.xcodeproj
    export WRAPPER_EXTENSION\=app
    export WRAPPER_NAME\=MusicDEV.app
    export WRAPPER_SUFFIX\=.app
    export WRAP_ASSET_PACKS_IN_SEPARATE_DIRECTORIES\=NO
    export XCODE_APP_SUPPORT_DIR\=/Applications/Xcode_16.4.app/Contents/Developer/Library/Xcode
    export XCODE_PRODUCT_BUILD_VERSION\=16F6
    export XCODE_VERSION_ACTUAL\=1640
    export XCODE_VERSION_MAJOR\=1600
    export XCODE_VERSION_MINOR\=1640
    export XPCSERVICES_FOLDER_PATH\=MusicDEV.app/XPCServices
    export YACC\=yacc
    export _DISCOVER_COMMAND_LINE_LINKER_INPUTS\=YES
    export _DISCOVER_COMMAND_LINE_LINKER_INPUTS_INCLUDE_WL\=YES
    export _WRAPPER_CONTENTS_DIR_SHALLOW_BUNDLE_NO\=/Contents
    export _WRAPPER_PARENT_PATH_SHALLOW_BUNDLE_NO\=/..
    export _WRAPPER_RESOURCES_DIR_SHALLOW_BUNDLE_NO\=/Resources
    export __DIAGNOSE_DEPRECATED_ARCHS\=YES
    export __IS_NOT_MACOS\=YES
    export __IS_NOT_MACOS_macosx\=NO
    export __IS_NOT_SIMULATOR\=NO
    export __IS_NOT_SIMULATOR_simulator\=NO
    export arch\=undefined_arch
    export variant\=normal
    /bin/sh -c /Users/runner/work/musicdev/musicdev/build/MusicDEV.build/Debug-iphonesimulator/MusicDEV.build/Script-A10000000000000000002004.sh
App web copiee dans /Users/runner/work/musicdev/musicdev/build/Debug-iphonesimulator/MusicDEV.app/web

ExtractAppIntentsMetadata (in target 'MusicDEV' from project 'MusicDEV')
    cd /Users/runner/work/musicdev/musicdev/ios
    /Applications/Xcode_16.4.app/Contents/Developer/Toolchains/XcodeDefault.xctoolchain/usr/bin/appintentsmetadataprocessor --toolchain-dir /Applications/Xcode_16.4.app/Contents/Developer/Toolchains/XcodeDefault.xctoolchain --module-name MusicDEV --sdk-root /Applications/Xcode_16.4.app/Contents/Developer/Platforms/iPhoneSimulator.platform/Developer/SDKs/iPhoneSimulator18.5.sdk --xcode-version 16F6 --platform-family iOS --deployment-target 15.0 --bundle-identifier ca.tomtommusic.musicdev --output /Users/runner/work/musicdev/musicdev/build/Debug-iphonesimulator/MusicDEV.app --target-triple arm64-apple-ios15.0-simulator --target-triple x86_64-apple-ios15.0-simulator --binary-file /Users/runner/work/musicdev/musicdev/build/Debug-iphonesimulator/MusicDEV.app/MusicDEV --dependency-file /Users/runner/work/musicdev/musicdev/build/MusicDEV.build/Debug-iphonesimulator/MusicDEV.build/Objects-normal/arm64/MusicDEV_dependency_info.dat --dependency-file /Users/runner/work/musicdev/musicdev/build/MusicDEV.build/Debug-iphonesimulator/MusicDEV.build/Objects-normal/x86_64/MusicDEV_dependency_info.dat --stringsdata-file /Users/runner/work/musicdev/musicdev/build/MusicDEV.build/Debug-iphonesimulator/MusicDEV.build/Objects-normal/arm64/ExtractedAppShortcutsMetadata.stringsdata --stringsdata-file /Users/runner/work/musicdev/musicdev/build/MusicDEV.build/Debug-iphonesimulator/MusicDEV.build/Objects-normal/x86_64/ExtractedAppShortcutsMetadata.stringsdata --source-file-list /Users/runner/work/musicdev/musicdev/build/MusicDEV.build/Debug-iphonesimulator/MusicDEV.build/Objects-normal/arm64/MusicDEV.SwiftFileList --source-file-list /Users/runner/work/musicdev/musicdev/build/MusicDEV.build/Debug-iphonesimulator/MusicDEV.build/Objects-normal/x86_64/MusicDEV.SwiftFileList --metadata-file-list /Users/runner/work/musicdev/musicdev/build/MusicDEV.build/Debug-iphonesimulator/MusicDEV.build/MusicDEV.DependencyMetadataFileList --static-metadata-file-list /Users/runner/work/musicdev/musicdev/build/MusicDEV.build/Debug-iphonesimulator/MusicDEV.build/MusicDEV.DependencyStaticMetadataFileList --swift-const-vals-list /Users/runner/work/musicdev/musicdev/build/MusicDEV.build/Debug-iphonesimulator/MusicDEV.build/Objects-normal/arm64/MusicDEV.SwiftConstValuesFileList --swift-const-vals-list /Users/runner/work/musicdev/musicdev/build/MusicDEV.build/Debug-iphonesimulator/MusicDEV.build/Objects-normal/x86_64/MusicDEV.SwiftConstValuesFileList --compile-time-extraction --deployment-aware-processing --validate-assistant-intents --no-app-shortcuts-localization
2026-10-10 14:55:09.261 appintentsmetadataprocessor[15085:48182] Starting appintentsmetadataprocessor export
2026-10-10 14:55:09.267 appintentsmetadataprocessor[15085:48182] warning: Metadata extraction skipped. No AppIntents.framework dependency found.

CopySwiftLibs /Users/runner/work/musicdev/musicdev/build/Debug-iphonesimulator/MusicDEV.app (in target 'MusicDEV' from project 'MusicDEV')
    cd /Users/runner/work/musicdev/musicdev/ios
    builtin-swiftStdLibTool --copy --verbose --scan-executable /Users/runner/work/musicdev/musicdev/build/Debug-iphonesimulator/MusicDEV.app/MusicDEV --scan-folder /Users/runner/work/musicdev/musicdev/build/Debug-iphonesimulator/MusicDEV.app/Frameworks --scan-folder /Users/runner/work/musicdev/musicdev/build/Debug-iphonesimulator/MusicDEV.app/PlugIns --scan-folder /Users/runner/work/musicdev/musicdev/build/Debug-iphonesimulator/MusicDEV.app/SystemExtensions --scan-folder /Users/runner/work/musicdev/musicdev/build/Debug-iphonesimulator/MusicDEV.app/Extensions --platform iphonesimulator --toolchain /Applications/Xcode_16.4.app/Contents/Developer/Toolchains/XcodeDefault.xctoolchain --destination /Users/runner/work/musicdev/musicdev/build/Debug-iphonesimulator/MusicDEV.app/Frameworks --strip-bitcode --strip-bitcode-tool /Applications/Xcode_16.4.app/Contents/Developer/Toolchains/XcodeDefault.xctoolchain/usr/bin/bitcode_strip --emit-dependency-info /Users/runner/work/musicdev/musicdev/build/MusicDEV.build/Debug-iphonesimulator/MusicDEV.build/SwiftStdLibToolInputDependencies.dep --filter-for-swift-os
Ignoring --strip-bitcode because --sign was not passed

AppIntentsSSUTraining (in target 'MusicDEV' from project 'MusicDEV')
    cd /Users/runner/work/musicdev/musicdev/ios
    /Applications/Xcode_16.4.app/Contents/Developer/Toolchains/XcodeDefault.xctoolchain/usr/bin/appintentsnltrainingprocessor --infoplist-path /Users/runner/work/musicdev/musicdev/build/Debug-iphonesimulator/MusicDEV.app/Info.plist --temp-dir-path /Users/runner/work/musicdev/musicdev/build/MusicDEV.build/Debug-iphonesimulator/MusicDEV.build/ssu --bundle-id ca.tomtommusic.musicdev --product-path /Users/runner/work/musicdev/musicdev/build/Debug-iphonesimulator/MusicDEV.app --extracted-metadata-path /Users/runner/work/musicdev/musicdev/build/Debug-iphonesimulator/MusicDEV.app/Metadata.appintents --metadata-file-list /Users/runner/work/musicdev/musicdev/build/MusicDEV.build/Debug-iphonesimulator/MusicDEV.build/MusicDEV.DependencyMetadataFileList --archive-ssu-assets
2026-10-10 14:55:09.300 appintentsnltrainingprocessor[15086:48183] Parsing options for appintentsnltrainingprocessor
2026-10-10 14:55:09.300 appintentsnltrainingprocessor[15086:48183] No AppShortcuts found - Skipping.

RegisterExecutionPolicyException /Users/runner/work/musicdev/musicdev/build/Debug-iphonesimulator/MusicDEV.app (in target 'MusicDEV' from project 'MusicDEV')
    cd /Users/runner/work/musicdev/musicdev/ios
    builtin-RegisterExecutionPolicyException /Users/runner/work/musicdev/musicdev/build/Debug-iphonesimulator/MusicDEV.app

Validate /Users/runner/work/musicdev/musicdev/build/Debug-iphonesimulator/MusicDEV.app (in target 'MusicDEV' from project 'MusicDEV')
    cd /Users/runner/work/musicdev/musicdev/ios
    builtin-validationUtility /Users/runner/work/musicdev/musicdev/build/Debug-iphonesimulator/MusicDEV.app -infoplist-subpath Info.plist

Touch /Users/runner/work/musicdev/musicdev/build/Debug-iphonesimulator/MusicDEV.app (in target 'MusicDEV' from project 'MusicDEV')
    cd /Users/runner/work/musicdev/musicdev/ios
    /usr/bin/touch -c /Users/runner/work/musicdev/musicdev/build/Debug-iphonesimulator/MusicDEV.app

warning: ONLY_ACTIVE_ARCH=YES requested with multiple ARCHS and no active architecture could be computed; building for all applicable architectures (in target 'MusicDEV' from project 'MusicDEV')
note: Run script build phase 'Copier l'app web' will be run during every build because the option to run the script phase "Based on dependency analysis" is unchecked. (in target 'MusicDEV' from project 'MusicDEV')
** BUILD SUCCEEDED **

RESULTAT: OK
AppIcon60x60@2x.png
AppIcon76x76@2x~ipad.png
Assets.car
Info.plist
MusicDEV
PkgInfo
web

build/Debug-iphonesimulator/MusicDEV.app/web:
abcjs-basic-min.js
fonts
icons
index.html
manifest.webmanifest

build/Debug-iphonesimulator/MusicDEV.app/web/fonts:
AtkinsonHyperlegible-Bold.ttf
AtkinsonHyperlegible-Regular.ttf
BricolageGrotesque.ttf
fonts.css
IBMPlexMono-Medium.ttf
IBMPlexMono-Regular.ttf
Lora.ttf
OFL-Atkinson.txt
OFL-Bricolage.txt
OFL-IBMPlexMono.txt
OFL-Lora.txt

build/Debug-iphonesimulator/MusicDEV.app/web/icons:
apple-touch-icon.png
favicon-32.png
icon-192.png
icon-512.png
icon-maskable-512.png
{
  "BuildMachineOSBuild" => "24G830"
  "CFBundleDevelopmentRegion" => "fr"
  "CFBundleDisplayName" => "MusicDEV"
  "CFBundleExecutable" => "MusicDEV"
  "CFBundleIcons" => {
    "CFBundlePrimaryIcon" => {
      "CFBundleIconFiles" => [
        0 => "AppIcon60x60"
      ]
      "CFBundleIconName" => "AppIcon"
    }
  }
  "CFBundleIcons~ipad" => {
    "CFBundlePrimaryIcon" => {
      "CFBundleIconFiles" => [
        0 => "AppIcon60x60"
        1 => "AppIcon76x76"
      ]
      "CFBundleIconName" => "AppIcon"
    }
  }
  "CFBundleIdentifier" => "ca.tomtommusic.musicdev"
  "CFBundleInfoDictionaryVersion" => "6.0"
  "CFBundleName" => "MusicDEV"
  "CFBundlePackageType" => "APPL"
  "CFBundleShortVersionString" => "1.4"
  "CFBundleSupportedPlatforms" => [
    0 => "iPhoneSimulator"
  ]
  "CFBundleVersion" => "1"
  "DTCompiler" => "com.apple.compilers.llvm.clang.1_0"
  "DTPlatformBuild" => "22F76"
  "DTPlatformName" => "iphonesimulator"
  "DTPlatformVersion" => "18.5"
  "DTSDKBuild" => "22F76"
  "DTSDKName" => "iphonesimulator18.5"
  "DTXcode" => "1640"
  "DTXcodeBuild" => "16F6"
  "ITSAppUsesNonExemptEncryption" => 0
  "LSRequiresIPhoneOS" => 1
  "MinimumOSVersion" => "15.0"
  "NSMicrophoneUsageDescription" => "MusicDEV utilise le micro pour entendre les notes que tu joues ou chantes et vérifier ta lecture."
  "UIDeviceFamily" => [
    0 => 1
    1 => 2
  ]
  "UILaunchScreen" => {
  }
  "UIRequiredDeviceCapabilities" => [
    0 => "arm64"
  ]
  "UISupportedInterfaceOrientations" => [
    0 => "UIInterfaceOrientationPortrait"
    1 => "UIInterfaceOrientationLandscapeLeft"
    2 => "UIInterfaceOrientationLandscapeRight"
  ]
  "UISupportedInterfaceOrientations~ipad" => [
    0 => "UIInterfaceOrientationPortrait"
    1 => "UIInterfaceOrientationPortraitUpsideDown"
    2 => "UIInterfaceOrientationLandscapeLeft"
    3 => "UIInterfaceOrientationLandscapeRight"
  ]
}
-rw-r--r--  1 runner  staff  3671992 Oct 10 14:55 MusicDEV-iOS.ipa
Non-fat file: Payload/MusicDEV.app/MusicDEV is architecture: arm64
